[INFO] 日志文件: logs\prediction\step3_hybrid_models\EXP-P03_AFSA_Final.log
[INFO] 设备: cpu
[INFO] 输入形状: [batch, 16, 13]
[INFO] ============================================================
[INFO] 开始完整训练 AFSA-PatchTST（已知最优参数）
[INFO] 最优参数: {'patch_len': 2, 'stride': 2, 'd_model': 32, 'n_heads': 8, 'num_layers': 3, 'dropout': 0.1, 'learning_rate': 0.002, 'batch_size': 256}
[INFO] ============================================================
[INFO] 训练样本数: 39288
[INFO] 验证样本数: 9823
[INFO] 测试样本数: 21048
[INFO] 完整训练完成
[INFO] 最佳 epoch: 13
[INFO] 最佳验证 loss: 0.004278
[INFO] 训练耗时: 224.0 秒
[INFO] 模型已保存: models/afsa_patchtst.pt
[INFO] 训练历史已保存: metrics/afsa_patchtst_train_history.csv
[INFO] 预测结果已保存: predictions/afsa_patchtst_test.csv
[INFO] 测试集指标:
[INFO]   MAE:  0.031536
[INFO]   RMSE: 0.056095
[INFO]   MAPE: 24.95%
[INFO]   R2:   0.957183
[INFO] 指标已保存: afsa_patchtst_metrics.csv
[INFO] 训练完成！
======================================
【EXP-P03-AFSA-Final 摘要】
- 最优参数: {'patch_len': 2, 'stride': 2, 'd_model': 32, 'n_heads': 8, 'num_layers': 3, 'dropout': 0.1, 'learning_rate': 0.002, 'batch_size': 256}
- 训练耗时: 224.0 秒
- 测试集 MAE: 0.031536
- 测试集 RMSE: 0.056095
- 测试集 MAPE: 24.95%
- 测试集 R2: 0.957183
============================================================
