[INFO] ============================================================
[INFO] Site 1 WRF特征工程启动
[INFO] ============================================================
[INFO] 加载天气预报数据: C:\Users\MoYu\Desktop\pv_prediction_scheduling_msc_clean\experiments\data\raw\open-meteo-40.81N114.80E769m.csv
[INFO] ============================================================
[INFO] Site 1 WRF特征工程启动
[INFO] ============================================================
[INFO] 加载天气预报数据: C:\Users\MoYu\Desktop\pv_prediction_scheduling_msc_clean\experiments\data\raw\open-meteo-40.81N114.80E769m.csv
[INFO] ============================================================
[INFO] Site 1 WRF特征工程启动
[INFO] ============================================================
[INFO] 加载天气预报数据: C:\Users\MoYu\Desktop\pv_prediction_scheduling_msc_clean\data\raw\open-meteo-40.81N114.80E769m.csv
[INFO] 天气预报数据: 70907 行, 时间范围 2019-01-01 00:00:00 到 2020-12-31 23:45:00
[INFO] ============================================================
[INFO] Site 1 WRF特征工程启动
[INFO] ============================================================
[INFO] 加载天气预报数据: C:\Users\MoYu\Desktop\pv_prediction_scheduling_msc_clean\data\raw\open-meteo-40.81N114.80E769m.csv
[INFO] 天气预报数据: 70907 行, 时间范围 2019-01-01 00:00:00 到 2020-12-31 23:45:00
[INFO] 创建了 15 个WRF特征
[INFO] 加载Site 1数据: C:\Users\MoYu\Desktop\pv_prediction_scheduling_msc_clean\data\prediction\step1_preprocessing\processed\stations\Site_1_preprocessed.csv
[INFO] Site 1数据: 70176 行, 时间范围 2019-01-01 00:00:00 到 2020-12-31 23:45:00
[INFO] 合并天气预报特征到Site 1数据...
[INFO] 合并结果: 70907 行, 天气预报匹配 70907/70176 (101.0%)
[INFO] 已保存: C:\Users\MoYu\Desktop\pv_prediction_scheduling_msc_clean\data\prediction\step1_preprocessing\processed\stations\Site_1_with_wrf.csv
[INFO] 已保存: C:\Users\MoYu\Desktop\pv_prediction_scheduling_msc_clean\data\prediction\step1_preprocessing\processed\stations\Site_1_wrf_features.csv
[INFO] 
=== WRF特征列表 (16个) ===
[INFO]   - wrf_clear_sky_flag
[INFO]   - wrf_cloudy_flag
[INFO]   - wrf_dew_point_c
[INFO]   - wrf_dew_point_spread
[INFO]   - wrf_dew_point_spread_sq
[INFO]   - wrf_heat_index
[INFO]   - wrf_humidity_squared
[INFO]   - wrf_precipitation_flag
[INFO]   - wrf_relative_humidity_pct
[INFO]   - wrf_severe_weather_flag
[INFO]   - wrf_temp_humidity_interaction
[INFO]   - wrf_temperature_c
[INFO]   - wrf_temperature_cubed
[INFO]   - wrf_temperature_squared
[INFO]   - wrf_weather_category
[INFO]   - wrf_weather_code
[INFO] 
=== WRF特征统计 ===
[INFO] wrf_temperature_c: min=-21.30, max=75.00, mean=8.89, null=0
[INFO] wrf_relative_humidity_pct: min=-16.20, max=100.00, mean=45.68, null=0
[INFO] wrf_dew_point_c: min=-39.40, max=23.40, mean=-3.78, null=0
[INFO] wrf_weather_code: min=0.00, max=75.00, mean=3.68, null=0
[INFO] wrf_temperature_squared: min=0.00, max=5625.00, mean=238.07, null=0
[INFO] wrf_temperature_cubed: min=-9663.60, max=421875.00, mean=4997.64, null=0
[INFO] wrf_humidity_squared: min=0.00, max=10000.00, mean=2593.39, null=0
[INFO] wrf_heat_index: min=-32.08, max=73.15, mean=1.63, null=0
[INFO] wrf_dew_point_spread: min=-20.30, max=87.50, mean=12.68, null=0
[INFO] wrf_dew_point_spread_sq: min=0.00, max=7656.25, mean=225.80, null=0
[INFO] wrf_weather_category: min=0.00, max=5.00, mean=0.60, null=0
[INFO] wrf_clear_sky_flag: min=0.00, max=1.00, mean=0.52, null=0
[INFO] wrf_cloudy_flag: min=0.00, max=1.00, mean=0.44, null=0
[INFO] wrf_precipitation_flag: min=0.00, max=1.00, mean=0.05, null=0
[INFO] wrf_severe_weather_flag: min=0.00, max=0.00, mean=0.00, null=0
[INFO] wrf_temp_humidity_interaction: min=-13.07, max=22.75, mean=4.29, null=0
[INFO] 
============================================================
[INFO] Site 1 WRF特征工程完成
[INFO] ============================================================
[INFO] ============================================================
[INFO] Site 1 WRF特征工程启动
[INFO] ============================================================
[INFO] 加载天气预报数据: C:\Users\MoYu\Desktop\pv_prediction_scheduling_msc_clean\data\raw\open-meteo-40.81N114.80E769m.csv
[INFO] 天气预报数据: 70907 行, 时间范围 2019-01-01 00:00:00 到 2020-12-31 23:45:00
[INFO] 创建了 15 个WRF特征
[INFO] 加载Site 1数据: C:\Users\MoYu\Desktop\pv_prediction_scheduling_msc_clean\data\prediction\step1_preprocessing\processed\stations\Site_1_preprocessed.csv
[INFO] Site 1数据: 70176 行, 时间范围 2019-01-01 00:00:00 到 2020-12-31 23:45:00
[INFO] 合并天气预报特征到Site 1数据...
[INFO] 合并结果: 70907 行, 天气预报匹配 70907/70176 (101.0%)
[INFO] 已保存: C:\Users\MoYu\Desktop\pv_prediction_scheduling_msc_clean\data\prediction\step1_preprocessing\processed\stations\Site_1_with_wrf.csv
[INFO] 已保存: C:\Users\MoYu\Desktop\pv_prediction_scheduling_msc_clean\data\prediction\step1_preprocessing\processed\stations\Site_1_wrf_features.csv
[INFO] 
=== WRF特征列表 (16个) ===
[INFO]   - wrf_clear_sky_flag
[INFO]   - wrf_cloudy_flag
[INFO]   - wrf_dew_point_c
[INFO]   - wrf_dew_point_spread
[INFO]   - wrf_dew_point_spread_sq
[INFO]   - wrf_heat_index
[INFO]   - wrf_humidity_squared
[INFO]   - wrf_precipitation_flag
[INFO]   - wrf_relative_humidity_pct
[INFO]   - wrf_severe_weather_flag
[INFO]   - wrf_temp_humidity_interaction
[INFO]   - wrf_temperature_c
[INFO]   - wrf_temperature_cubed
[INFO]   - wrf_temperature_squared
[INFO]   - wrf_weather_category
[INFO]   - wrf_weather_code
[INFO] 
=== WRF特征统计 ===
[INFO] wrf_temperature_c: min=-21.30, max=75.00, mean=8.89, null=0
[INFO] wrf_relative_humidity_pct: min=-16.20, max=100.00, mean=45.68, null=0
[INFO] wrf_dew_point_c: min=-39.40, max=23.40, mean=-3.78, null=0
[INFO] wrf_weather_code: min=0.00, max=75.00, mean=3.68, null=0
[INFO] wrf_temperature_squared: min=0.00, max=5625.00, mean=238.07, null=0
[INFO] wrf_temperature_cubed: min=-9663.60, max=421875.00, mean=4997.64, null=0
[INFO] wrf_humidity_squared: min=0.00, max=10000.00, mean=2593.39, null=0
[INFO] wrf_heat_index: min=-32.08, max=73.15, mean=1.63, null=0
[INFO] wrf_dew_point_spread: min=-20.30, max=87.50, mean=12.68, null=0
[INFO] wrf_dew_point_spread_sq: min=0.00, max=7656.25, mean=225.80, null=0
[INFO] wrf_weather_category: min=0.00, max=5.00, mean=0.60, null=0
[INFO] wrf_clear_sky_flag: min=0.00, max=1.00, mean=0.52, null=0
[INFO] wrf_cloudy_flag: min=0.00, max=1.00, mean=0.44, null=0
[INFO] wrf_precipitation_flag: min=0.00, max=1.00, mean=0.05, null=0
[INFO] wrf_severe_weather_flag: min=0.00, max=0.00, mean=0.00, null=0
[INFO] wrf_temp_humidity_interaction: min=-13.07, max=22.75, mean=4.29, null=0
[INFO] 
============================================================
[INFO] Site 1 WRF特征工程完成
[INFO] ============================================================
[INFO] ============================================================
[INFO] Site 1 WRF特征工程启动
[INFO] ============================================================
[INFO] 加载天气预报数据: C:\Users\MoYu\Desktop\pv_prediction_scheduling_msc_clean\data\raw\open-meteo-40.81N114.80E769m.csv
[INFO] 天气预报数据: 70907 行, 时间范围 2019-01-01 00:00:00 到 2020-12-31 23:45:00
[INFO] 创建了 15 个WRF特征
[INFO] 加载Site 1数据: C:\Users\MoYu\Desktop\pv_prediction_scheduling_msc_clean\data\prediction\step1_preprocessing\processed\stations\Site_1_preprocessed.csv
[INFO] Site 1数据: 70176 行, 时间范围 2019-01-01 00:00:00 到 2020-12-31 23:45:00
[INFO] 合并天气预报特征到Site 1数据...
[INFO] 合并结果: 70907 行, 天气预报匹配 70907/70176 (101.0%)
[INFO] 已保存: C:\Users\MoYu\Desktop\pv_prediction_scheduling_msc_clean\data\prediction\step1_preprocessing\processed\stations\Site_1_with_wrf.csv
[INFO] 已保存: C:\Users\MoYu\Desktop\pv_prediction_scheduling_msc_clean\data\prediction\step1_preprocessing\processed\stations\Site_1_wrf_features.csv
[INFO] 
=== WRF特征列表 (16个) ===
[INFO]   - wrf_clear_sky_flag
[INFO]   - wrf_cloudy_flag
[INFO]   - wrf_dew_point_c
[INFO]   - wrf_dew_point_spread
[INFO]   - wrf_dew_point_spread_sq
[INFO]   - wrf_heat_index
[INFO]   - wrf_humidity_squared
[INFO]   - wrf_precipitation_flag
[INFO]   - wrf_relative_humidity_pct
[INFO]   - wrf_severe_weather_flag
[INFO]   - wrf_temp_humidity_interaction
[INFO]   - wrf_temperature_c
[INFO]   - wrf_temperature_cubed
[INFO]   - wrf_temperature_squared
[INFO]   - wrf_weather_category
[INFO]   - wrf_weather_code
[INFO] 
=== WRF特征统计 ===
[INFO] wrf_temperature_c: min=-21.30, max=75.00, mean=8.89, null=0
[INFO] wrf_relative_humidity_pct: min=-16.20, max=100.00, mean=45.68, null=0
[INFO] wrf_dew_point_c: min=-39.40, max=23.40, mean=-3.78, null=0
[INFO] wrf_weather_code: min=0.00, max=75.00, mean=3.68, null=0
[INFO] wrf_temperature_squared: min=0.00, max=5625.00, mean=238.07, null=0
[INFO] wrf_temperature_cubed: min=-9663.60, max=421875.00, mean=4997.64, null=0
[INFO] wrf_humidity_squared: min=0.00, max=10000.00, mean=2593.39, null=0
[INFO] wrf_heat_index: min=-32.08, max=73.15, mean=1.63, null=0
[INFO] wrf_dew_point_spread: min=-20.30, max=87.50, mean=12.68, null=0
[INFO] wrf_dew_point_spread_sq: min=0.00, max=7656.25, mean=225.80, null=0
[INFO] wrf_weather_category: min=0.00, max=5.00, mean=0.60, null=0
[INFO] wrf_clear_sky_flag: min=0.00, max=1.00, mean=0.52, null=0
[INFO] wrf_cloudy_flag: min=0.00, max=1.00, mean=0.44, null=0
[INFO] wrf_precipitation_flag: min=0.00, max=1.00, mean=0.05, null=0
[INFO] wrf_severe_weather_flag: min=0.00, max=0.00, mean=0.00, null=0
[INFO] wrf_temp_humidity_interaction: min=-13.07, max=22.75, mean=4.29, null=0
[INFO] 
============================================================
[INFO] Site 1 WRF特征工程完成
[INFO] ============================================================
[INFO] ============================================================
[INFO] Site 1 WRF特征工程启动
[INFO] ============================================================
[INFO] 加载天气预报数据: C:\Users\MoYu\Desktop\pv_prediction_scheduling_msc_clean\data\raw\open-meteo-40.81N114.80E769m.csv
[INFO] ============================================================
[INFO] Site 1 WRF特征工程启动
[INFO] ============================================================
[INFO] 加载天气预报数据: C:\Users\MoYu\Desktop\pv_prediction_scheduling_msc_clean\data\raw\open-meteo-40.81N114.80E769m.csv
[INFO] ============================================================
[INFO] Site 1 WRF特征工程启动
[INFO] ============================================================
[INFO] 加载天气预报数据: C:\Users\MoYu\Desktop\pv_prediction_scheduling_msc_clean\data\raw\open-meteo-40.81N114.80E769m.csv
[INFO] 天气预报数据: 70176 行, 时间范围 2019-01-01 00:00:00 到 2020-12-31 23:45:00
[INFO] 温度范围: -21.3 ~ 35.8 °C
[INFO] 湿度范围: 4 ~ 100 %
[INFO] 天气代码分布: {0: 35892, 3: 17082, 1: 7409, 2: 6417, 51: 1408, 53: 560, 61: 460, 55: 396, 73: 276, 63: 220, 75: 36, 65: 20}
[INFO] 创建了 47 个WRF特征
[INFO] 加载Site 1数据: C:\Users\MoYu\Desktop\pv_prediction_scheduling_msc_clean\data\prediction\step1_preprocessing\processed\stations\Site_1_preprocessed.csv
[INFO] Site 1数据: 70176 行, 时间范围 2019-01-01 00:00:00 到 2020-12-31 23:45:00
[INFO] 合并天气预报特征到Site 1数据...
[INFO] 合并结果: 70176 行, 天气预报匹配 70176/70176 (100.0%)
[INFO] 已保存: C:\Users\MoYu\Desktop\pv_prediction_scheduling_msc_clean\data\prediction\step1_preprocessing\processed\stations\Site_1_with_wrf.csv
[INFO] 已保存: C:\Users\MoYu\Desktop\pv_prediction_scheduling_msc_clean\data\prediction\step1_preprocessing\processed\stations\Site_1_wrf_features.csv
[INFO] 
=== WRF特征列表 (47个) ===
[INFO]   - wrf_any_precipitation_flag: min=0.000, max=1.000, mean=0.048, null=0
[INFO]   - wrf_atmospheric_stability: min=7.822, max=22.774, mean=10.297, null=0
[INFO]   - wrf_clear_sky_flag: min=0.000, max=1.000, mean=0.511, null=0
[INFO]   - wrf_clearness_index: min=0.000, max=1.000, mean=0.373, null=0
[INFO]   - wrf_clearness_temperature: min=-12.700, max=35.800, mean=5.784, null=0
[INFO]   - wrf_cloud_attenuation_factor: min=0.300, max=1.000, mean=0.900, null=0
[INFO]   - wrf_cloud_cover_oktas: min=0.000, max=9.000, mean=1.957, null=0
[INFO]   - wrf_cloud_cover_ratio: min=0.000, max=0.900, mean=0.196, null=0
[INFO]   - wrf_cloud_cover_temperature: min=-9.400, max=26.640, mean=2.463, null=0
[INFO]   - wrf_cloud_precip_index: min=0.000, max=1.400, mean=0.220, null=0
[INFO]   - wrf_cloudy_flag: min=0.000, max=1.000, mean=0.440, null=0
[INFO]   - wrf_dew_point_c: min=-40.349, max=23.427, mean=-3.861, null=0
[INFO]   - wrf_dew_point_spread: min=-0.000, max=48.328, mean=12.660, null=0
[INFO]   - wrf_dew_point_spread_sq: min=0.000, max=2335.620, mean=219.770, null=0
[INFO]   - wrf_discomfort_index: min=-13.016, max=27.498, mean=10.628, null=0
[INFO]   - wrf_drizzle_flag: min=0.000, max=1.000, mean=0.034, null=0
[INFO]   - wrf_fog_flag: min=0.000, max=0.000, mean=0.000, null=0
[INFO]   - wrf_gti_diff: min=-122.000, max=136.000, mean=0.000, null=0
[INFO]   - wrf_gti_ema_4: min=0.000, max=897.082, mean=180.149, null=0
[INFO]   - wrf_gti_humidity: min=0.000, max=830.490, mean=118.782, null=0
[INFO]   - wrf_gti_rolling_max_4: min=0.000, max=904.000, mean=200.581, null=0
[INFO]   - wrf_gti_std_8: min=0.000, max=225.861, mean=33.583, null=1
[INFO]   - wrf_gti_wm2: min=0.000, max=904.000, mean=180.149, null=0
[INFO]   - wrf_heat_index: min=-89.521, max=31.716, mean=0.161, null=0
[INFO]   - wrf_humidity_diff: min=-22.000, max=10.000, mean=-0.001, null=0
[INFO]   - wrf_humidity_level: min=0.000, max=4.000, mean=1.306, null=0
[INFO]   - wrf_humidity_rolling_std_4: min=0.000, max=25.078, mean=1.236, null=1
[INFO]   - wrf_humidity_squared: min=16.000, max=10000.000, mean=2617.989, null=0
[INFO]   - wrf_pv_temperature_factor: min=0.957, max=1.000, mean=0.999, null=0
[INFO]   - wrf_rain_flag: min=0.000, max=1.000, mean=0.010, null=0
[INFO]   - wrf_relative_humidity_pct: min=4.000, max=100.000, mean=46.012, null=0
[INFO]   - wrf_shower_flag: min=0.000, max=0.000, mean=0.000, null=0
[INFO]   - wrf_snow_flag: min=0.000, max=1.000, mean=0.004, null=0
[INFO]   - wrf_temp_humidity_product: min=-1307.200, max=2275.000, mean=429.644, null=0
[INFO]   - wrf_temperature_abs: min=0.000, max=35.800, mean=12.699, null=0
[INFO]   - wrf_temperature_c: min=-21.300, max=35.800, mean=8.800, null=0
[INFO]   - wrf_temperature_cubed: min=-9663.597, max=45882.712, mean=4428.331, null=0
[INFO]   - wrf_temperature_diff: min=-2.600, max=1.700, mean=-0.000, null=0
[INFO]   - wrf_temperature_ema_4: min=-21.113, max=35.687, mean=8.800, null=0
[INFO]   - wrf_temperature_rolling_std_4: min=0.000, max=3.053, mean=0.358, null=1
[INFO]   - wrf_temperature_squared: min=0.000, max=1281.640, mean=230.273, null=0
[INFO]   - wrf_temperature_surge: min=0.000, max=11.200, mean=0.743, null=0
[INFO]   - wrf_thunderstorm_flag: min=0.000, max=0.000, mean=0.000, null=0
[INFO]   - wrf_tsi_wm2: min=0.000, max=871.400, mean=199.658, null=0
[INFO]   - wrf_weather_category: min=0.000, max=5.000, mean=0.604, null=0
[INFO]   - wrf_weather_code: min=0.000, max=75.000, mean=3.717, null=0
[INFO]   - wrf_weather_uncertainty: min=0.100, max=0.200, mean=0.128, null=0
[INFO] 
=== WRF特征统计 ===
[INFO] wrf_temperature_c: min=-21.300, max=35.800, mean=8.800, null=0
[INFO] wrf_relative_humidity_pct: min=4.000, max=100.000, mean=46.012, null=0
[INFO] wrf_weather_code: min=0.000, max=75.000, mean=3.717, null=0
[INFO] wrf_dew_point_c: min=-40.349, max=23.427, mean=-3.861, null=0
[INFO] wrf_temperature_squared: min=0.000, max=1281.640, mean=230.273, null=0
[INFO] wrf_temperature_cubed: min=-9663.597, max=45882.712, mean=4428.331, null=0
[INFO] wrf_temperature_abs: min=0.000, max=35.800, mean=12.699, null=0
[INFO] wrf_temperature_diff: min=-2.600, max=1.700, mean=-0.000, null=0
[INFO] wrf_temperature_ema_4: min=-21.113, max=35.687, mean=8.800, null=0
[INFO] wrf_humidity_squared: min=16.000, max=10000.000, mean=2617.989, null=0
[INFO] wrf_humidity_diff: min=-22.000, max=10.000, mean=-0.001, null=0
[INFO] wrf_humidity_level: min=0.000, max=4.000, mean=1.306, null=0
[INFO] wrf_heat_index: min=-89.521, max=31.716, mean=0.161, null=0
[INFO] wrf_temp_humidity_product: min=-1307.200, max=2275.000, mean=429.644, null=0
[INFO] wrf_discomfort_index: min=-13.016, max=27.498, mean=10.628, null=0
[INFO] wrf_dew_point_spread: min=-0.000, max=48.328, mean=12.660, null=0
[INFO] wrf_dew_point_spread_sq: min=0.000, max=2335.620, mean=219.770, null=0
[INFO] wrf_atmospheric_stability: min=7.822, max=22.774, mean=10.297, null=0
[INFO] wrf_weather_category: min=0.000, max=5.000, mean=0.604, null=0
[INFO] wrf_clear_sky_flag: min=0.000, max=1.000, mean=0.511, null=0
[INFO] wrf_cloudy_flag: min=0.000, max=1.000, mean=0.440, null=0
[INFO] wrf_fog_flag: min=0.000, max=0.000, mean=0.000, null=0
[INFO] wrf_drizzle_flag: min=0.000, max=1.000, mean=0.034, null=0
[INFO] wrf_rain_flag: min=0.000, max=1.000, mean=0.010, null=0
[INFO] wrf_snow_flag: min=0.000, max=1.000, mean=0.004, null=0
[INFO] wrf_shower_flag: min=0.000, max=0.000, mean=0.000, null=0
[INFO] wrf_thunderstorm_flag: min=0.000, max=0.000, mean=0.000, null=0
[INFO] wrf_any_precipitation_flag: min=0.000, max=1.000, mean=0.048, null=0
[INFO] wrf_cloud_cover_oktas: min=0.000, max=9.000, mean=1.957, null=0
[INFO] wrf_cloud_cover_ratio: min=0.000, max=0.900, mean=0.196, null=0
[INFO] wrf_tsi_wm2: min=0.000, max=871.400, mean=199.658, null=0
[INFO] wrf_gti_wm2: min=0.000, max=904.000, mean=180.149, null=0
[INFO] wrf_clearness_index: min=0.000, max=1.000, mean=0.373, null=0
[INFO] wrf_cloud_attenuation_factor: min=0.300, max=1.000, mean=0.900, null=0
[INFO] wrf_gti_diff: min=-122.000, max=136.000, mean=0.000, null=0
[INFO] wrf_gti_ema_4: min=0.000, max=897.082, mean=180.149, null=0
[INFO] wrf_gti_std_8: min=0.000, max=225.861, mean=33.583, null=1
[INFO] wrf_pv_temperature_factor: min=0.957, max=1.000, mean=0.999, null=0
[INFO] wrf_clearness_temperature: min=-12.700, max=35.800, mean=5.784, null=0
[INFO] wrf_cloud_cover_temperature: min=-9.400, max=26.640, mean=2.463, null=0
[INFO] wrf_gti_humidity: min=0.000, max=830.490, mean=118.782, null=0
[INFO] wrf_cloud_precip_index: min=0.000, max=1.400, mean=0.220, null=0
[INFO] wrf_weather_uncertainty: min=0.100, max=0.200, mean=0.128, null=0
[INFO] wrf_temperature_surge: min=0.000, max=11.200, mean=0.743, null=0
[INFO] wrf_temperature_rolling_std_4: min=0.000, max=3.053, mean=0.358, null=1
[INFO] wrf_humidity_rolling_std_4: min=0.000, max=25.078, mean=1.236, null=1
[INFO] wrf_gti_rolling_max_4: min=0.000, max=904.000, mean=200.581, null=0
[INFO] 
============================================================
[INFO] Site 1 WRF特征工程完成
[INFO] ============================================================
