2026-09-06 21:51:23 | INFO | EXP-P01-DS 数据集划分开始
2026-09-06 21:51:23 | INFO | 时间: 2026-09-06T21:51:23.788622
2026-09-06 21:51:23 | INFO | 
2026-09-06 21:51:23 | INFO | 正在加载数据: C:\Users\MoYu\Desktop\pv_prediction_scheduling_msc_new\data\prediction\step1_preprocessing\processed\stations\Mingyuehu_1_preprocessed.csv
2026-09-06 21:51:23 | INFO | 原始数据: 8064 行, 92 列
2026-09-06 21:51:23 | INFO | 白昼数据筛选: 4414 行 (原始 8064 行, 占比 54.74%)
2026-09-06 21:51:23 | INFO | ============================================================
2026-09-06 21:51:23 | INFO | 数据集划分结果 (仅白昼数据)
2026-09-06 21:51:23 | INFO | ============================================================
2026-09-06 21:51:23 | INFO | 训练集: 3089 行 (70.00%) [2026-06-09 06:15:00 ~ 2026-08-06 06:45:00]
2026-09-06 21:51:23 | INFO | 验证集: 662 行 (15.00%) [2026-08-06 07:00:00 ~ 2026-08-18 16:45:00]
2026-09-06 21:51:23 | INFO | 测试集: 663 行 (15.00%) [2026-08-18 17:00:00 ~ 2026-08-31 19:00:00]
2026-09-06 21:51:23 | INFO | ============================================================
2026-09-06 21:51:24 | INFO | 已保存: C:\Users\MoYu\Desktop\pv_prediction_scheduling_msc_new\data\prediction\step1_preprocessing\splits\train.csv
2026-09-06 21:51:24 | INFO | 已保存: C:\Users\MoYu\Desktop\pv_prediction_scheduling_msc_new\data\prediction\step1_preprocessing\splits\val.csv
2026-09-06 21:51:24 | INFO | 已保存: C:\Users\MoYu\Desktop\pv_prediction_scheduling_msc_new\data\prediction\step1_preprocessing\splits\test.csv
2026-09-06 21:51:24 | INFO | 已保存: C:\Users\MoYu\Desktop\pv_prediction_scheduling_msc_new\data\prediction\step1_preprocessing\splits\split_meta.json
2026-09-06 21:51:24 | INFO | 
2026-09-06 21:51:24 | INFO | ============================================================
2026-09-06 21:51:24 | INFO | 数据集划分摘要
2026-09-06 21:51:24 | INFO | ============================================================
2026-09-06 21:51:24 | INFO | 筛选条件: is_daytime == 1 (仅白昼数据)
2026-09-06 21:51:24 | INFO | 划分比例: Train 70% / Val 15% / Test 15%
2026-09-06 21:51:24 | INFO | 
2026-09-06 21:51:24 | INFO | 样本数量:
2026-09-06 21:51:24 | INFO |   训练集: 3089 样本
2026-09-06 21:51:24 | INFO |   验证集: 662 样本
2026-09-06 21:51:24 | INFO |   测试集: 663 样本
2026-09-06 21:51:24 | INFO |   总计:   4414 样本
2026-09-06 21:51:24 | INFO | 
2026-09-06 21:51:24 | INFO | 时间范围:
2026-09-06 21:51:24 | INFO |   训练集: 2026-06-09 06:15:00 ~ 2026-08-06 06:45:00
2026-09-06 21:51:24 | INFO |   验证集: 2026-08-06 07:00:00 ~ 2026-08-18 16:45:00
2026-09-06 21:51:24 | INFO |   测试集: 2026-08-18 17:00:00 ~ 2026-08-31 19:00:00
2026-09-06 21:51:24 | INFO | 
2026-09-06 21:51:24 | INFO | 输出目录: C:\Users\MoYu\Desktop\pv_prediction_scheduling_msc_new\data\prediction\step1_preprocessing\splits
2026-09-06 21:51:24 | INFO | ============================================================
2026-09-06 21:51:24 | INFO | 
2026-09-06 21:51:24 | INFO | EXP-P01-DS 数据集划分完成
