[INFO] 2026-08-31 10:33:35,010 - ================================================================================
[INFO] 2026-08-31 10:33:35,010 - EXP-P01-v2: Site1 数据优化
[INFO] 2026-08-31 10:33:35,010 - ================================================================================
[INFO] 2026-08-31 10:33:35,010 - [Step 1] 读取预处理后的Site1数据...
[INFO] 2026-08-31 10:33:35,348 - 读取数据: 70176 行, 68 列
[INFO] 2026-08-31 10:33:35,348 - [Step 2] 辐照-功率异常检测...
[INFO] 2026-08-31 10:33:35,388 -   检测到异常: {'夜间发电': np.int64(0), '晴空无功率': np.int64(82), '阴天高功率': np.int64(21), '严重晴空': np.int64(103)}
[INFO] 2026-08-31 10:33:35,389 - [Step 3] 功率突变检测与平滑...
[INFO] 2026-08-31 10:33:35,418 -   检测到突变: 114 次, 其中可疑(白天): 109 次
[INFO] 2026-08-31 10:33:35,419 - [Step 4] 设备停机检测...
[INFO] 2026-08-31 10:33:35,767 -   检测到停机期间: 248 个时间点
[INFO] 2026-08-31 10:33:35,767 - [Step 5] 湿度数据质量分层...
[INFO] 2026-08-31 10:33:35,793 -   湿度质量分布: {0: 6807, 1: 33805, 2: 22030, 3: 7534}
[INFO] 2026-08-31 10:33:35,793 - [Step 6] 辐照数据质量评估...
[INFO] 2026-08-31 10:33:35,822 -   辐照质量分布: {1: 15447, 2: 4831, 3: 49898}
[INFO] 2026-08-31 10:33:35,822 - [Step 7] WRF辐照偏差校正...
[INFO] 2026-08-31 10:33:44,185 -   WRF校正完成
[INFO] 2026-08-31 10:33:44,186 - [Step 8] 计算综合数据质量评分...
[INFO] 2026-08-31 10:33:44,247 -   平均质量分: 0.8453
[INFO] 2026-08-31 10:33:44,247 -   质量等级分布: {'A': 65892, 'B': 4202, 'C': 70, 'D': 12}
[INFO] 2026-08-31 10:33:44,247 - [Step 9] 物理一致性验证...
[WARNING] 2026-08-31 10:33:44,249 - 晴空高辐照但低发电: 651条
[INFO] 2026-08-31 10:33:44,249 - [Step 10] 生成数据质量报告...
[INFO] 2026-08-31 10:33:44,255 - [Step 11] 保存优化后的数据...
[INFO] 2026-08-31 10:33:45,837 -   已保存到: C:\Users\MoYu\Desktop\pv_prediction_scheduling_msc_clean\data\prediction\step1_preprocessing\processed\stations\Site_1_optimized.csv
[INFO] 2026-08-31 10:33:45,839 -   质量报告已保存到: C:\Users\MoYu\Desktop\pv_prediction_scheduling_msc_clean\data\prediction\step1_preprocessing\processed\stations\Site_1_quality_report.csv
[INFO] 2026-08-31 10:33:45,839 - ================================================================================
[INFO] 2026-08-31 10:33:45,839 - EXP-P01-v2 完成!
[INFO] 2026-08-31 10:33:45,840 - ================================================================================
