[INFO] 日志文件: logs\prediction\step5_new_experiments\EXP-P09_multistep.log
[INFO] ============================================================
[INFO] EXP-P09 Multi-Task Multi-Step Training (Aligned with Step5)
[INFO] ============================================================
[INFO] Fitting residual scalers...
[INFO]   H1: mean=0.000004, std=0.044143
[INFO]   H4: mean=0.000020, std=0.115735
[INFO]   H16: mean=0.000044, std=0.327979
[INFO] Epoch 1: train=0.003007, val=0.003755 | H1=0.000788, H4=0.002520, H16=0.020581
[INFO] Epoch 2: train=0.002078, val=0.003595 | H1=0.000775, H4=0.002620, H16=0.020689
[INFO] Epoch 3: train=0.001998, val=0.003608 | H1=0.000772, H4=0.002706, H16=0.021041
[INFO] Epoch 4: train=0.001922, val=0.003703 | H1=0.000759, H4=0.002842, H16=0.021322
[INFO] Epoch 5: train=0.001850, val=0.003590 | H1=0.000758, H4=0.002884, H16=0.021074
[INFO] Epoch 6: train=0.001808, val=0.003555 | H1=0.000740, H4=0.002904, H16=0.021066
[INFO] Epoch 7: train=0.001790, val=0.003604 | H1=0.000740, H4=0.002928, H16=0.020643
[INFO] Epoch 8: train=0.001711, val=0.003378 | H1=0.000742, H4=0.002638, H16=0.020821
[INFO] Epoch 9: train=0.001736, val=0.003749 | H1=0.000777, H4=0.003115, H16=0.021720
[INFO] Epoch 10: train=0.001680, val=0.003544 | H1=0.000744, H4=0.002953, H16=0.021070
[INFO] Epoch 11: train=0.001651, val=0.003582 | H1=0.000746, H4=0.002979, H16=0.021263
[INFO] Epoch 12: train=0.001640, val=0.003486 | H1=0.000734, H4=0.002801, H16=0.020059
[INFO] Epoch 13: train=0.001625, val=0.003311 | H1=0.000735, H4=0.002684, H16=0.020520
[INFO] Epoch 14: train=0.001587, val=0.003414 | H1=0.000745, H4=0.002855, H16=0.020173
[INFO] Epoch 15: train=0.001580, val=0.003548 | H1=0.000754, H4=0.002994, H16=0.021046
[INFO] Epoch 16: train=0.001543, val=0.003533 | H1=0.000752, H4=0.002974, H16=0.020782
[INFO] Epoch 17: train=0.001531, val=0.003650 | H1=0.000767, H4=0.003090, H16=0.020700
[INFO] Epoch 18: train=0.001462, val=0.003550 | H1=0.000768, H4=0.003072, H16=0.020036
[INFO] Epoch 19: train=0.001477, val=0.003433 | H1=0.000746, H4=0.002920, H16=0.020908
[INFO] Epoch 20: train=0.001431, val=0.003422 | H1=0.000747, H4=0.002991, H16=0.020219
[INFO] Epoch 21: train=0.001413, val=0.003358 | H1=0.000755, H4=0.003116, H16=0.021380
[INFO] Epoch 22: train=0.001394, val=0.003432 | H1=0.000772, H4=0.003007, H16=0.020265
[INFO] Epoch 23: train=0.001390, val=0.003521 | H1=0.000778, H4=0.003215, H16=0.020750
[INFO] Early stopping at epoch 23
[INFO] Horizon H1: RMSE=0.0296, MAE=0.0109, R2=0.9884
[INFO] Horizon H4: RMSE=0.0584, MAE=0.0239, R2=0.9546
[INFO] Horizon H16: RMSE=0.1091, MAE=0.0476, R2=0.8418
[INFO] ============================================================
[INFO] Completed in 536.2s
[INFO] ============================================================
