[INFO] 日志文件: logs\prediction\step5_new_experiments\EXP-P06_hybrid_search.log
[INFO] ------------------------------------------------------------
[INFO] 模型=cnn_bilstm  Horizon=H1  策略=S2  QuickSubset=True
[INFO]   [Quick] train=49100  quick_train=16367  val=10522
[INFO]   Trial 1/20: quick_val_RMSE=0.220875  latency=0.0069ms  params=52993
[INFO]   Trial 2/20: quick_val_RMSE=0.220883  latency=0.0089ms  params=44737
[INFO]   Trial 3/20: quick_val_RMSE=0.220941  latency=0.0465ms  params=564097
[INFO]   Trial 4/20: quick_val_RMSE=0.220796  latency=0.0461ms  params=564097
[INFO]   Trial 5/20: quick_val_RMSE=0.220978  latency=0.0048ms  params=19649
[INFO]   Trial 6/20: quick_val_RMSE=0.221027  latency=0.0455ms  params=564097
[INFO]   Trial 7/20: quick_val_RMSE=0.220811  latency=0.0169ms  params=168833
[INFO]   Trial 8/20: quick_val_RMSE=0.220807  latency=0.0083ms  params=52993
[INFO]   Trial 9/20: quick_val_RMSE=0.221004  latency=0.0047ms  params=19649
[INFO]   Trial 10/20: quick_val_RMSE=0.220719  latency=0.0188ms  params=152321
[INFO]   Trial 11/20: quick_val_RMSE=0.220719  latency=0.0174ms  params=152321
[INFO]   Trial 12/20: quick_val_RMSE=0.220719  latency=0.0188ms  params=152321
[INFO]   Trial 13/20: quick_val_RMSE=0.220719  latency=0.0154ms  params=152321
[INFO]   Trial 14/20: quick_val_RMSE=0.220719  latency=0.0185ms  params=152321
[INFO]   Trial 15/20: quick_val_RMSE=0.220719  latency=0.0183ms  params=152321
[INFO]   Trial 16/20: quick_val_RMSE=0.220743  latency=0.0192ms  params=152321
[INFO]   Trial 17/20: quick_val_RMSE=0.220719  latency=0.0183ms  params=152321
[INFO]   Trial 18/20: quick_val_RMSE=0.220726  latency=0.0124ms  params=152321
[INFO]   Trial 19/20: quick_val_RMSE=0.220743  latency=0.0129ms  params=152321
[INFO]   Trial 20/20: quick_val_RMSE=0.221000  latency=0.0062ms  params=44737
[INFO]   Quick 最优: RMSE=0.220719  composite=0.062565
[INFO]   开始 3-fold 完整评估（max_epochs=50  patience=8）...
[INFO]     完整 3-fold 评估: n_folds=3  train_frac=0.667  physics=True
[INFO]       fold 0: val_RMSE=0.177293  TEST_RMSE=0.254465  TEST_R2=0.1389  TEST_R2_scaled=0.3933
[INFO]       fold 1: val_RMSE=0.208861  TEST_RMSE=0.254418  TEST_R2=0.1392  TEST_R2_scaled=0.4175
[INFO]       fold 2: val_RMSE=0.172925  TEST_RMSE=0.254374  TEST_R2=0.1395  TEST_R2_scaled=0.4500
[INFO]     3-fold 平均: val_RMSE=0.186359  TEST_RMSE=0.254419  TEST_R2=0.1392  TEST_R2_scaled=0.4203
[INFO] 策略 S2 完成: quick_RMSE=0.220719  3fold_val_RMSE=0.186359  3fold_TEST_RMSE=0.254419  3fold_TEST_R2=0.1392  3fold_TEST_R2_scaled=0.4203
[INFO] 结果已保存: data\prediction\step5_new_experiments\metrics\h1\hybrid_search_full.json
[INFO] ------------------------------------------------------------
[INFO] 模型=cnn_bilstm  Horizon=H4  策略=S2  QuickSubset=True
[INFO]   [Quick] train=49097  quick_train=16366  val=10522
[INFO]   Trial 1/20: quick_val_RMSE=0.224299  latency=0.0056ms  params=53380
[INFO]   Trial 2/20: quick_val_RMSE=0.224705  latency=0.0061ms  params=44932
[INFO]   Trial 3/20: quick_val_RMSE=0.224547  latency=0.0335ms  params=564868
[INFO]   Trial 4/20: quick_val_RMSE=0.224226  latency=0.0309ms  params=564868
[INFO]   Trial 5/20: quick_val_RMSE=0.224542  latency=0.0028ms  params=19844
[INFO]   Trial 6/20: quick_val_RMSE=0.224418  latency=0.0358ms  params=564868
[INFO]   Trial 7/20: quick_val_RMSE=0.223944  latency=0.0100ms  params=169604
[INFO]   Trial 8/20: quick_val_RMSE=0.224430  latency=0.0046ms  params=53380
[INFO]   Trial 9/20: quick_val_RMSE=0.224540  latency=0.0030ms  params=19844
[INFO]   Trial 10/20: quick_val_RMSE=0.224246  latency=0.0119ms  params=152708
[INFO]   Trial 11/20: quick_val_RMSE=0.223944  latency=0.0099ms  params=169604
[INFO]   Trial 12/20: quick_val_RMSE=0.223944  latency=0.0122ms  params=169604
[INFO]   Trial 13/20: quick_val_RMSE=0.223944  latency=0.0116ms  params=169604
[INFO]   Trial 14/20: quick_val_RMSE=0.223944  latency=0.0096ms  params=169604
[INFO]   Trial 15/20: quick_val_RMSE=0.223944  latency=0.0101ms  params=169604
[INFO]   Trial 16/20: quick_val_RMSE=0.224529  latency=0.0121ms  params=169604
[INFO]   Trial 17/20: quick_val_RMSE=0.223944  latency=0.0119ms  params=169604
[INFO]   Trial 18/20: quick_val_RMSE=0.223944  latency=0.0124ms  params=169604
[INFO]   Trial 19/20: quick_val_RMSE=0.224502  latency=0.0032ms  params=19844
[INFO]   Trial 20/20: quick_val_RMSE=0.224589  latency=0.0048ms  params=53380
[INFO]   Quick 最优: RMSE=0.223944  composite=0.058558
[INFO]   开始 3-fold 完整评估（max_epochs=50  patience=8）...
[INFO]     完整 3-fold 评估: n_folds=3  train_frac=0.667  physics=True
[INFO]       fold 0: val_RMSE=0.182860  TEST_RMSE=0.257276  TEST_R2=0.1198  TEST_R2_scaled=0.5083
[INFO]       fold 1: val_RMSE=0.212260  TEST_RMSE=0.256673  TEST_R2=0.1239  TEST_R2_scaled=0.6179
[INFO]       fold 2: val_RMSE=0.176494  TEST_RMSE=0.256645  TEST_R2=0.1241  TEST_R2_scaled=0.6766
[INFO]     3-fold 平均: val_RMSE=0.190538  TEST_RMSE=0.256864  TEST_R2=0.1226  TEST_R2_scaled=0.6010
[INFO] 策略 S2 完成: quick_RMSE=0.223944  3fold_val_RMSE=0.190538  3fold_TEST_RMSE=0.256864  3fold_TEST_R2=0.1226  3fold_TEST_R2_scaled=0.6010
[INFO] 结果已保存: data\prediction\step5_new_experiments\metrics\h4\hybrid_search_full.json
[INFO] ------------------------------------------------------------
[INFO] 模型=cnn_bilstm  Horizon=H16  策略=S2  QuickSubset=True
[INFO]   [Quick] train=49089  quick_train=16363  val=10520
[INFO]   Trial 1/20: quick_val_RMSE=0.247755  latency=0.0055ms  params=54928
[INFO]   Trial 2/20: quick_val_RMSE=0.247073  latency=0.0061ms  params=45712
[INFO]   Trial 3/20: quick_val_RMSE=0.246681  latency=0.0337ms  params=567952
[INFO]   Trial 4/20: quick_val_RMSE=0.249362  latency=0.0333ms  params=567952
[INFO]   Trial 5/20: quick_val_RMSE=0.246513  latency=0.0029ms  params=20624
[INFO]   Trial 6/20: quick_val_RMSE=0.248188  latency=0.0323ms  params=567952
[INFO]   Trial 7/20: quick_val_RMSE=0.246098  latency=0.0104ms  params=172688
[INFO]   Trial 8/20: quick_val_RMSE=0.246392  latency=0.0049ms  params=54928
[INFO]   Trial 9/20: quick_val_RMSE=0.249617  latency=0.0033ms  params=20624
[INFO]   Trial 10/20: quick_val_RMSE=0.246636  latency=0.0118ms  params=154256
[INFO]   Trial 11/20: quick_val_RMSE=0.246098  latency=0.0117ms  params=172688
[INFO]   Trial 12/20: quick_val_RMSE=0.246098  latency=0.0120ms  params=172688
[INFO]   Trial 13/20: quick_val_RMSE=0.246098  latency=0.0113ms  params=172688
[INFO]   Trial 14/20: quick_val_RMSE=0.246098  latency=0.0142ms  params=172688
[INFO]   Trial 15/20: quick_val_RMSE=0.246098  latency=0.0110ms  params=172688
[INFO]   Trial 16/20: quick_val_RMSE=0.245114  latency=0.0105ms  params=172688
[INFO]   Trial 17/20: quick_val_RMSE=0.245114  latency=0.0107ms  params=172688
[INFO]   Trial 18/20: quick_val_RMSE=0.245114  latency=0.0124ms  params=172688
[INFO]   Trial 19/20: quick_val_RMSE=0.247304  latency=0.0030ms  params=20624
[INFO]   Trial 20/20: quick_val_RMSE=0.247242  latency=0.0047ms  params=54928
[INFO]   Quick 最优: RMSE=0.245114  composite=0.064983
[INFO]   开始 3-fold 完整评估（max_epochs=50  patience=8）...
[INFO]     完整 3-fold 评估: n_folds=3  train_frac=0.667  physics=True
[INFO]       fold 0: val_RMSE=0.217527  TEST_RMSE=0.276088  TEST_R2=-0.0136  TEST_R2_scaled=0.8000
[INFO]       fold 1: val_RMSE=0.239174  TEST_RMSE=0.275213  TEST_R2=-0.0072  TEST_R2_scaled=0.8489
[INFO]       fold 2: val_RMSE=0.211490  TEST_RMSE=0.275155  TEST_R2=-0.0068  TEST_R2_scaled=0.8604
[INFO]     3-fold 平均: val_RMSE=0.222730  TEST_RMSE=0.275485  TEST_R2=-0.0092  TEST_R2_scaled=0.8364
[INFO] 策略 S2 完成: quick_RMSE=0.245114  3fold_val_RMSE=0.222730  3fold_TEST_RMSE=0.275485  3fold_TEST_R2=-0.0092  3fold_TEST_R2_scaled=0.8364
[INFO] 结果已保存: data\prediction\step5_new_experiments\metrics\h16\hybrid_search_full.json
[INFO] ============================================================
[INFO] EXP-P06 混合搜索全部完成！
[INFO]   Horizon H1: C:\Users\MoYu\Desktop\pv_prediction_scheduling_msc\data\prediction\step5_new_experiments\metrics\h1\hybrid_search_full.json
[INFO]   Horizon H4: C:\Users\MoYu\Desktop\pv_prediction_scheduling_msc\data\prediction\step5_new_experiments\metrics\h4\hybrid_search_full.json
[INFO]   Horizon H16: C:\Users\MoYu\Desktop\pv_prediction_scheduling_msc\data\prediction\step5_new_experiments\metrics\h16\hybrid_search_full.json
d_search_full.json
