[INFO] 日志文件: logs\prediction\step5_new_experiments\EXP-P09_train_mtl_base.log
[INFO] EXP-P09 多任务学习光伏功率预测实验
[INFO] 阶段: train
[INFO] 设备: cpu
[INFO] ============================================================
[INFO] 阶段3: 训练多任务学习模型 (mtl_base)
[INFO] 残差预测框架: False
[INFO] ============================================================
[INFO] Epoch 1: train=0.013477, val=0.007219 | H1=0.005163, H4=0.005909, H16=0.013579
[INFO] Epoch 2: train=0.007377, val=0.006858 | H1=0.005187, H4=0.005233, H16=0.012797
[INFO] Epoch 3: train=0.006137, val=0.004889 | H1=0.002786, H4=0.004272, H16=0.012130
[INFO] Epoch 4: train=0.005665, val=0.004725 | H1=0.003139, H4=0.003464, H16=0.011242
[INFO] Epoch 5: train=0.005289, val=0.004554 | H1=0.002425, H4=0.003833, H16=0.013261
[INFO] Epoch 6: train=0.005141, val=0.004012 | H1=0.002125, H4=0.003426, H16=0.011567
[INFO] Epoch 7: train=0.004995, val=0.004648 | H1=0.002631, H4=0.003890, H16=0.010991
[INFO] Epoch 8: train=0.004858, val=0.003633 | H1=0.001705, H4=0.003361, H16=0.012262
[INFO] Epoch 9: train=0.004677, val=0.003284 | H1=0.001577, H4=0.002831, H16=0.011410
[INFO] Epoch 10: train=0.004648, val=0.005091 | H1=0.003548, H4=0.003453, H16=0.011312
[INFO] Epoch 11: train=0.004495, val=0.003781 | H1=0.001633, H4=0.004067, H16=0.012794
[INFO] Epoch 12: train=0.004527, val=0.003609 | H1=0.001652, H4=0.003307, H16=0.013685
[INFO] Epoch 13: train=0.004471, val=0.004913 | H1=0.003081, H4=0.003686, H16=0.010811
[INFO] Epoch 14: train=0.004338, val=0.003691 | H1=0.001733, H4=0.003460, H16=0.011743
[INFO] Epoch 15: train=0.004320, val=0.003924 | H1=0.002094, H4=0.003263, H16=0.009996
[INFO] Epoch 16: train=0.004202, val=0.005791 | H1=0.003802, H4=0.004267, H16=0.011610
[INFO] Epoch 17: train=0.004062, val=0.006605 | H1=0.004513, H4=0.005579, H16=0.010688
[INFO] Early stopping at epoch 17
[INFO] Horizon 1: RMSE=0.0602, MAE=0.0322, R2=0.9518
[INFO] Horizon 4: RMSE=0.0857, MAE=0.0450, R2=0.9023
[INFO] Horizon 16: RMSE=0.1150, MAE=0.0670, R2=0.8241
[INFO] ============================================================
[INFO] EXP-P09 实验完成!
[INFO] ============================================================
