[INFO] 日志文件: logs\prediction\step5_new_experiments\EXP-P07_search_residual.log
[INFO] === EXP-P07: H16 cnn_lstm 快速搜索 + 残差预测 (S1-S6) ===
[INFO] ========== [S1] 搜索阶段 ==========
[INFO] [S1] 搜索最优: val_rmse=0.5146  test_rmse=0.0833  composite=0.0769
[INFO] ========== [S1] 3-fold CV 最终训练 ==========
[INFO] [S1] 3-fold CV 最终训练  batch=128  lr=0.0010  hidden=32  layers=2  dropout=0.2
[INFO]   Fold 0: RMSE=0.0855  MAE=0.0378  R2=0.9028
[INFO]   Fold 1: RMSE=0.0836  MAE=0.0367  R2=0.9071
[INFO]   Fold 2: RMSE=0.0848  MAE=0.0382  R2=0.9043
[INFO] [S1] CV均值: RMSE=0.0846 ± 0.0010  MAE=0.0376 ± 0.0008
[INFO] [S1] 最优模型已保存 (fold 1): data\prediction\step5_new_experiments\models\h16\cnn_lstm_residual_S1.pt
[INFO] ========== [S2] 搜索阶段 ==========
[INFO] [S2] 搜索最优: val_rmse=0.5163  test_rmse=0.0832  composite=0.0254
[INFO] ========== [S2] 3-fold CV 最终训练 ==========
[INFO] [S2] 3-fold CV 最终训练  batch=128  lr=0.0005  hidden=64  layers=1  dropout=0.1
[INFO]   Fold 0: RMSE=0.0852  MAE=0.0375  R2=0.9035
[INFO]   Fold 1: RMSE=0.0818  MAE=0.0365  R2=0.9111
[INFO]   Fold 2: RMSE=0.0875  MAE=0.0383  R2=0.8981
[INFO] [S2] CV均值: RMSE=0.0848 ± 0.0029  MAE=0.0374 ± 0.0009
[INFO] [S2] 最优模型已保存 (fold 1): data\prediction\step5_new_experiments\models\h16\cnn_lstm_residual_S2.pt
[INFO] ========== [S3] 搜索阶段 ==========
[INFO] [S3] 搜索最优: val_rmse=0.5125  test_rmse=0.0892  composite=0.0870
[INFO] ========== [S3] 3-fold CV 最终训练 ==========
[INFO] [S3] 3-fold CV 最终训练  batch=128  lr=0.0020  hidden=128  layers=1  dropout=0.1
[INFO]   Fold 0: RMSE=0.0909  MAE=0.0407  R2=0.8900
[INFO]   Fold 1: RMSE=0.0898  MAE=0.0391  R2=0.8928
[INFO]   Fold 2: RMSE=0.0871  MAE=0.0383  R2=0.8990
[INFO] [S3] CV均值: RMSE=0.0893 ± 0.0019  MAE=0.0394 ± 0.0012
[INFO] [S3] 最优模型已保存 (fold 2): data\prediction\step5_new_experiments\models\h16\cnn_lstm_residual_S3.pt
[INFO] ========== [S4] 搜索阶段 ==========
[INFO] [S4] 搜索最优: val_rmse=0.5122  test_rmse=0.0844  composite=0.0050
[INFO] ========== [S4] 3-fold CV 最终训练 ==========
[INFO] [S4] 3-fold CV 最终训练  batch=128  lr=0.0010  hidden=32  layers=1  dropout=0.3
[INFO]   Fold 0: RMSE=0.0821  MAE=0.0362  R2=0.9104
[INFO]   Fold 1: RMSE=0.0836  MAE=0.0368  R2=0.9071
[INFO]   Fold 2: RMSE=0.0825  MAE=0.0371  R2=0.9094
[INFO] [S4] CV均值: RMSE=0.0827 ± 0.0008  MAE=0.0367 ± 0.0005
[INFO] [S4] 最优模型已保存 (fold 0): data\prediction\step5_new_experiments\models\h16\cnn_lstm_residual_S4.pt
[INFO] ========== [S5] 搜索阶段 ==========
[INFO] [S5] 搜索最优: val_rmse=0.5111  test_rmse=0.0777  composite=0.0627
[INFO] ========== [S5] 3-fold CV 最终训练 ==========
[INFO] [S5] 3-fold CV 最终训练  batch=256  lr=0.0020  hidden=128  layers=1  dropout=0.1
[INFO]   Fold 0: RMSE=0.0877  MAE=0.0384  R2=0.8976
[INFO]   Fold 1: RMSE=0.0867  MAE=0.0378  R2=0.8999
[INFO]   Fold 2: RMSE=0.0920  MAE=0.0405  R2=0.8875
[INFO] [S5] CV均值: RMSE=0.0888 ± 0.0028  MAE=0.0389 ± 0.0015
[INFO] [S5] 最优模型已保存 (fold 1): data\prediction\step5_new_experiments\models\h16\cnn_lstm_residual_S5.pt
[INFO] ========== [S6] 搜索阶段 ==========
[INFO] [S6] 搜索最优: val_rmse=0.5128  test_rmse=0.0810  composite=0.0259
[INFO] ========== [S6] 3-fold CV 最终训练 ==========
[INFO] [S6] 3-fold CV 最终训练  batch=128  lr=0.0020  hidden=32  layers=1  dropout=0.3
[INFO]   Fold 0: RMSE=0.0862  MAE=0.0377  R2=0.9011
[INFO]   Fold 1: RMSE=0.0849  MAE=0.0379  R2=0.9042
[INFO]   Fold 2: RMSE=0.0827  MAE=0.0372  R2=0.9090
[INFO] [S6] CV均值: RMSE=0.0846 ± 0.0018  MAE=0.0376 ± 0.0003
[INFO] [S6] 最优模型已保存 (fold 2): data\prediction\step5_new_experiments\models\h16\cnn_lstm_residual_S6.pt
[INFO] 结果已保存: data\prediction\step5_new_experiments\metrics\h16\search_residual_cv_metrics.json
[INFO] ========== CV RMSE 最终排序 ==========
[INFO]   1. S4  CV_RMSE=0.0827 ± 0.0008  search_RMSE=0.0844
[INFO]   2. S6  CV_RMSE=0.0846 ± 0.0018  search_RMSE=0.0810
[INFO]   3. S1  CV_RMSE=0.0846 ± 0.0010  search_RMSE=0.0833
[INFO]   4. S2  CV_RMSE=0.0848 ± 0.0029  search_RMSE=0.0832
[INFO]   5. S5  CV_RMSE=0.0888 ± 0.0028  search_RMSE=0.0777
[INFO]   6. S3  CV_RMSE=0.0893 ± 0.0019  search_RMSE=0.0892
