[INFO] 日志文件: logs\prediction\step5_new_experiments\EXP-P09_train_mtl_dynamic.log
[INFO] EXP-P09 多任务学习光伏功率预测实验
[INFO] 阶段: train
[INFO] 设备: cpu
[INFO] ============================================================
[INFO] 阶段3: 训练多任务学习模型 (mtl_dynamic)
[INFO] 残差预测框架: False
[INFO] ============================================================
[INFO] Epoch 1: train=0.011403, val=0.006279 | H1=0.005334, H4=0.003636, H16=0.016427
[INFO] Epoch 2: train=0.006799, val=0.006851 | H1=0.006491, H4=0.004117, H16=0.013899
[INFO] Epoch 3: train=0.005982, val=0.005531 | H1=0.004059, H4=0.003889, H16=0.013083
[INFO] Epoch 4: train=0.005576, val=0.005060 | H1=0.003874, H4=0.003222, H16=0.013651
[INFO] Epoch 5: train=0.005268, val=0.004936 | H1=0.002536, H4=0.005356, H16=0.014933
[INFO] Epoch 6: train=0.005016, val=0.004270 | H1=0.002440, H4=0.003475, H16=0.014115
[INFO] Epoch 7: train=0.004821, val=0.004047 | H1=0.002135, H4=0.003886, H16=0.012716
[INFO] Epoch 8: train=0.004592, val=0.004117 | H1=0.002179, H4=0.003836, H16=0.013409
[INFO] Epoch 9: train=0.004458, val=0.003521 | H1=0.001936, H4=0.002852, H16=0.013236
[INFO] Epoch 10: train=0.004392, val=0.004861 | H1=0.003766, H4=0.003057, H16=0.013094
[INFO] Epoch 11: train=0.004351, val=0.003859 | H1=0.001877, H4=0.003800, H16=0.013914
[INFO] Epoch 12: train=0.004256, val=0.004506 | H1=0.002405, H4=0.004101, H16=0.014921
[INFO] Epoch 13: train=0.004175, val=0.004236 | H1=0.002337, H4=0.003590, H16=0.013385
[INFO] Epoch 14: train=0.004138, val=0.004173 | H1=0.002106, H4=0.004207, H16=0.012604
[INFO] Epoch 15: train=0.004039, val=0.003596 | H1=0.001924, H4=0.002948, H16=0.013270
[INFO] Epoch 16: train=0.004063, val=0.004532 | H1=0.002556, H4=0.003727, H16=0.013101
[INFO] Epoch 17: train=0.003999, val=0.003519 | H1=0.001885, H4=0.003056, H16=0.013367
[INFO] Epoch 18: train=0.003951, val=0.004322 | H1=0.002785, H4=0.003123, H16=0.013473
[INFO] Epoch 19: train=0.003894, val=0.003975 | H1=0.002357, H4=0.003140, H16=0.011674
[INFO] Epoch 20: train=0.003869, val=0.003385 | H1=0.001656, H4=0.003326, H16=0.012646
[INFO] Epoch 21: train=0.003854, val=0.003950 | H1=0.003164, H4=0.002428, H16=0.013310
[INFO] Epoch 22: train=0.003767, val=0.004588 | H1=0.003061, H4=0.003383, H16=0.013315
[INFO] Epoch 23: train=0.003727, val=0.003773 | H1=0.001851, H4=0.003881, H16=0.012405
[INFO] Epoch 24: train=0.003734, val=0.004509 | H1=0.004514, H4=0.002533, H16=0.012345
[INFO] Epoch 25: train=0.003633, val=0.004336 | H1=0.003533, H4=0.002668, H16=0.012596
[INFO] Epoch 26: train=0.003632, val=0.004572 | H1=0.003344, H4=0.003165, H16=0.011687
[INFO] Epoch 27: train=0.003641, val=0.002911 | H1=0.001714, H4=0.002250, H16=0.012804
[INFO] Epoch 28: train=0.003676, val=0.004040 | H1=0.002507, H4=0.003065, H16=0.012112
[INFO] Epoch 29: train=0.003555, val=0.003935 | H1=0.002522, H4=0.002886, H16=0.012390
[INFO] Epoch 30: train=0.003621, val=0.003919 | H1=0.002632, H4=0.002741, H16=0.012825
[INFO] Epoch 31: train=0.003584, val=0.003467 | H1=0.002063, H4=0.002603, H16=0.012829
[INFO] Epoch 32: train=0.003590, val=0.004465 | H1=0.002887, H4=0.003303, H16=0.013142
[INFO] Epoch 33: train=0.003564, val=0.004309 | H1=0.002660, H4=0.003413, H16=0.012346
[INFO] Epoch 34: train=0.003481, val=0.005928 | H1=0.004379, H4=0.004351, H16=0.013259
[INFO] Epoch 35: train=0.003463, val=0.003885 | H1=0.002252, H4=0.003194, H16=0.013186
[INFO] Early stopping at epoch 35
[INFO] Horizon 1: RMSE=0.0702, MAE=0.0393, R2=0.9345
[INFO] Horizon 4: RMSE=0.0798, MAE=0.0420, R2=0.9153
[INFO] Horizon 16: RMSE=0.1420, MAE=0.0569, R2=0.7318
[INFO] ============================================================
[INFO] EXP-P09 实验完成!
[INFO] ============================================================
