[INFO] 日志文件: logs\prediction\step2_baseline_models\EXP-P02_SVR.log
[INFO] SVR 训练子样本: 10000 / 49111 (验证与测试全量)
[INFO] SVR 拟合中 C=1 epsilon=0.01 ...
[INFO] SVR C=1 epsilon=0.01 | val_rmse=0.066998
[INFO] SVR 拟合中 C=1 epsilon=0.05 ...
[INFO] SVR C=1 epsilon=0.05 | val_rmse=0.076305
[INFO] SVR 拟合中 C=10 epsilon=0.01 ...
[INFO] SVR C=10 epsilon=0.01 | val_rmse=0.085308
[INFO] SVR 拟合中 C=10 epsilon=0.05 ...
[INFO] SVR C=10 epsilon=0.05 | val_rmse=0.087306
[INFO] SVR 拟合中 C=100 epsilon=0.01 ...
[INFO] SVR C=100 epsilon=0.01 | val_rmse=0.090883
[INFO] SVR 拟合中 C=100 epsilon=0.05 ...
[INFO] SVR C=100 epsilon=0.05 | val_rmse=0.087969
[INFO] 最优参数: C=1, epsilon=0.01 | val_rmse=0.066998
[INFO] 模型: svr.joblib | 预测: svr_test.csv
[INFO] EXP-P02-SVR 结束
===================================
【EXP-P02-SVR 摘要】
- 核: RBF, gamma=scale
- 训练子样本: 10000 (验证/测试全量)
- 最优: C=1, epsilon=0.01, val_rmse=0.066998
- 产出: models/svr.joblib, predictions/svr_test.csv
============================================================
