[INFO] 日志文件: logs\prediction\step2_hyperparameter_search\EXP-P04_mingyuehu_h4_reproduce.log
[INFO] ============================================================
[INFO] 明月湖多 Seed 复现  horizon=4
[INFO] ============================================================
[INFO] 明月湖多 Seed 复现  horizon=4  seeds=[42, 43, 44, 45, 46]
[INFO] ----------------------------------------
[INFO] 模型: cnn_bilstm  参数: {'hidden_size': 32, 'num_layers': 2, 'dropout': 0.2, 'kernel_size': 3, 'cnn_channels': [32, 64], 'batch_size': 64, 'lr': 0.002}
[INFO]   seed=42  MAE=0.0432  RMSE=0.0944  R2=0.4864  time=21.6s  night=480 power_range=[0.0000, 0.4776]
[INFO]   seed=43  MAE=0.0445  RMSE=0.1012  R2=0.4108  time=21.1s  night=480 power_range=[0.0000, 0.4505]
[INFO]   seed=44  MAE=0.0464  RMSE=0.1020  R2=0.4009  time=21.3s  night=480 power_range=[0.0000, 0.4424]
[INFO]   seed=45  MAE=0.0433  RMSE=0.0957  R2=0.4721  time=22.5s  night=480 power_range=[0.0000, 0.4729]
[INFO]   seed=46  MAE=0.0406  RMSE=0.0918  R2=0.5144  time=16.4s  night=480 power_range=[0.0000, 0.4753]
[INFO]   汇总  MAE=0.0436±0.0021  RMSE=0.0970±0.0044  R2=0.4569±0.0492
[INFO]   夜间样本数: 480/1200，功率已强制置0
[INFO]   seed=42 预测已保存: cnn_bilstm_seed42_test.csv
[INFO]   seed=42 模型已保存: mingyuehu_cnn_bilstm_seed42.pt
[INFO]   训练历史路径: mingyuehu_cnn_bilstm_seed42_train_history.csv
[INFO] ============================================================
[INFO] 明月湖多 Seed 复现完成！
[INFO] 结果: {'dataset': 'mingyuehu', 'model': 'cnn_bilstm', 'horizon': 4, 'seeds': [42, 43, 44, 45, 46], 'RMSE_mean': 0.097, 'RMSE_std': 0.0044, 'MAE_mean': 0.0436, 'MAE_std': 0.0021, 'R2_mean': 0.4569, 'R2_std': 0.0492, 'elapsed_sec': 124.2}
