[INFO] 日志文件: logs\prediction\step2_hyperparameter_search\EXP-P04_mingyuehu_h16_optuna.log
[INFO] ============================================================
[INFO] 明月湖数据集 Optuna-AFSA 混合搜索 horizon=16
[INFO] --------------------------------------------------
[INFO] 明月湖 Optuna-AFSA 混合搜索: model=cnn_bilstm horizon=16
[INFO] 设备: cpu | train=2978 val=551 n_features=8 seq_len=96 horizon=16
[INFO] 快速搜索: fold split at 1985 quick_train=993
[INFO]   运行策略: S2
[INFO]     S2: RMSE=inf, composite=inf, time=0.0s
[INFO]   运行策略: S3
[INFO]     S3: RMSE=inf, composite=inf, time=231.9s
[INFO]   运行策略: S4
[ERROR]     S4 执行失败: tuple indices must be integers or slices, not str
[INFO]   运行策略: S5
[INFO]     S5: RMSE=inf, composite=inf, time=563.1s
[INFO]   运行策略: S6
[INFO]     S6: RMSE=0.138679, composite=125.3673, time=168.5s
[INFO]   全局最优: strategy=S6 RMSE=0.138679
[INFO] 混合搜索消融结果已保存: mingyuehu_hybrid_search_ablation.json
[INFO] 完整 3-fold 评估
[INFO]   fold 0 val_loss=0.096394
[INFO]   fold 1 val_loss=0.091903
[INFO]   fold 2 val_loss=0.115386
[INFO] 3-fold 平均 val_loss=0.101228
[INFO] 完整验证集功率指标: RMSE=0.1845 MAE=0.1256 R2=-0.1946
[INFO] 最优参数结果已保存: mingyuehu_cnn_bilstm_optuna.json
[INFO] ============================================================
[INFO] 结果: {'dataset': 'mingyuehu', 'model': 'cnn_bilstm', 'best_strategy': 'S6', 'best_val_loss': 0.101228, 'val_RMSE': 0.1845, 'val_MAE': 0.1256, 'val_R2': -0.1946, 'elapsed_sec': 1550.4}
