[INFO] 日志文件: logs\prediction\step2_hyperparameter_search\EXP-P04_mingyuehu_h16_lb96_prepare_samples.log
[INFO] ============================================================
[INFO] 明月湖数据集样本准备
[INFO] horizon=16, lookback=96
[INFO] 加载数据: C:\Users\MoYu\Desktop\pv_prediction_scheduling_msc_new\data\prediction\step1_preprocessing\processed\mingyuehu_long.csv
[INFO] 原始行数: 8064 | 时间范围: 2026-06-09 00:00:00 ~ 2026-08-31 23:45:00
[INFO] 计算功率历史特征...
[INFO] 功率特征计算完成
[INFO] 特征数: 26, 目标值范围: [0.0000, 0.9543]
[INFO] 构造序列: lookback=96, horizon=16, n_features=26
[INFO] 总样本数: 7937 | X shape: (7937, 96, 26) | 残差 y shape: (7937, 16)
[INFO] 训练集: 5555 | 验证集: 1191 | 测试集: 1191
[INFO]   保存 X_train_seq.npy -> shape=(5555, 96, 26)
[INFO]   保存 X_val_seq.npy -> shape=(1191, 96, 26)
[INFO]   保存 X_test_seq.npy -> shape=(1191, 96, 26)
[INFO]   保存 y_train.npy -> shape=(5555, 16)
[INFO]   保存 y_val.npy -> shape=(1191, 16)
[INFO]   保存 y_test.npy -> shape=(1191, 16)
[INFO]   保存 y_anchor_train.npy -> shape=(5555, 16)
[INFO]   保存 y_anchor_val.npy -> shape=(1191, 16)
[INFO]   保存 y_anchor_test.npy -> shape=(1191, 16)
[INFO]   保存 y_residual_train_raw.npy -> shape=(5555, 16)
[INFO]   保存 y_residual_val_raw.npy -> shape=(1191, 16)
[INFO]   保存 y_residual_test_raw.npy -> shape=(1191, 16)
[INFO]   保存 scaler_params.json
[INFO]   保存 test_timestamps.csv (1191 行)
[INFO]   保存 meta.json
[INFO] ============================================================
[INFO] 样本构造完成！耗时: 0.4 秒
[INFO] 保存目录: data\prediction\step2_hyperparameter_search\samples\mingyuehu_h16_lb96
