[INFO] 日志文件: logs\prediction\step2_hyperparameter_search\EXP-P04_mingyuehu_h1_optuna.log
[INFO] ============================================================
[INFO] 明月湖数据集 Optuna-AFSA 混合搜索 horizon=1
[INFO] --------------------------------------------------
[INFO] 明月湖 Optuna-AFSA 混合搜索: model=cnn_bilstm horizon=1
[INFO] 设备: cpu | train=3073 val=646 n_features=8 seq_len=16 horizon=1
[INFO] 快速搜索: fold split at 2048 quick_train=1025
[INFO]   运行策略: S2
[INFO]     S2: RMSE=inf, composite=inf, time=0.0s
[INFO]   运行策略: S3
[INFO]     S3: RMSE=inf, composite=inf, time=54.7s
[INFO]   运行策略: S4
[ERROR]     S4 执行失败: tuple indices must be integers or slices, not str
[INFO]   运行策略: S5
[INFO]     S5: RMSE=inf, composite=inf, time=93.3s
[INFO]   运行策略: S6
[INFO]     S6: RMSE=0.066872, composite=106.9532, time=46.1s
[INFO]   全局最优: strategy=S6 RMSE=0.066872
[INFO] 混合搜索消融结果已保存: mingyuehu_hybrid_search_ablation.json
[INFO] 完整 3-fold 评估
[INFO]   fold 0 val_loss=0.056354
[INFO]   fold 1 val_loss=0.062595
[INFO]   fold 2 val_loss=0.058796
[INFO] 3-fold 平均 val_loss=0.059248
[INFO] 完整验证集功率指标: RMSE=0.1368 MAE=0.0935 R2=0.2833
[INFO] 最优参数结果已保存: mingyuehu_cnn_bilstm_optuna.json
[INFO] ============================================================
[INFO] 结果: {'dataset': 'mingyuehu', 'model': 'cnn_bilstm', 'best_strategy': 'S6', 'best_val_loss': 0.059248, 'val_RMSE': 0.1368, 'val_MAE': 0.0935, 'val_R2': 0.2833, 'elapsed_sec': 327.5}
