2026-09-06 21:55:04 | INFO | ============================================================
2026-09-06 21:55:04 | INFO | EXP-P06 样本准备开始
2026-09-06 21:55:04 | INFO | 时间: 2026-09-06T21:55:04.961317
2026-09-06 21:55:04 | INFO | ============================================================
2026-09-06 21:55:04 | INFO | 加载划分数据...
2026-09-06 21:55:05 | INFO | 训练集: 3089 样本
2026-09-06 21:55:05 | INFO | 验证集: 662 样本
2026-09-06 21:55:05 | INFO | 测试集: 663 样本
2026-09-06 21:55:05 | INFO | --------------------------------------------------
2026-09-06 21:55:05 | INFO | 准备 horizon=1 (15分钟) lookback=16
2026-09-06 21:55:06 | INFO | X_train: (3073, 16, 8) | y_train: (3073, 1)
2026-09-06 21:55:06 | INFO | X_val:   (646, 16, 8) | y_val:   (646, 1)
2026-09-06 21:55:06 | INFO | X_test:  (647, 16, 8) | y_test:  (647, 1)
2026-09-06 21:55:06 | INFO | 已保存: data\prediction\step2_hyperparameter_search\samples_p06\h1_lb16
2026-09-06 21:55:06 | INFO | --------------------------------------------------
2026-09-06 21:55:06 | INFO | 准备 horizon=4 (1小时) lookback=48
2026-09-06 21:55:08 | INFO | X_train: (3038, 48, 8) | y_train: (3038, 4)
2026-09-06 21:55:08 | INFO | X_val:   (611, 48, 8) | y_val:   (611, 4)
2026-09-06 21:55:08 | INFO | X_test:  (612, 48, 8) | y_test:  (612, 4)
2026-09-06 21:55:08 | INFO | 已保存: data\prediction\step2_hyperparameter_search\samples_p06\h4_lb48
2026-09-06 21:55:08 | INFO | --------------------------------------------------
2026-09-06 21:55:08 | INFO | 准备 horizon=16 (4小时) lookback=96
2026-09-06 21:55:09 | INFO | X_train: (2978, 96, 8) | y_train: (2978, 16)
2026-09-06 21:55:09 | INFO | X_val:   (551, 96, 8) | y_val:   (551, 16)
2026-09-06 21:55:09 | INFO | X_test:  (552, 96, 8) | y_test:  (552, 16)
2026-09-06 21:55:09 | INFO | 已保存: data\prediction\step2_hyperparameter_search\samples_p06\h16_lb96
2026-09-06 21:55:09 | INFO | 
2026-09-06 21:55:09 | INFO | ============================================================
2026-09-06 21:55:09 | INFO | 样本准备完成
2026-09-06 21:55:09 | INFO | ============================================================
2026-09-06 21:55:09 | INFO | 输出目录: data\prediction\step2_hyperparameter_search\samples_p06
2026-09-06 21:55:09 | INFO | 耗时: 4.8 秒
2026-09-06 21:55:09 | INFO | 
2026-09-06 21:55:09 | INFO | Horizon 1:
2026-09-06 21:55:09 | INFO |   特征数: 8
2026-09-06 21:55:09 | INFO |   训练样本: 3073
2026-09-06 21:55:09 | INFO |   验证样本: 646
2026-09-06 21:55:09 | INFO |   测试样本: 647
2026-09-06 21:55:09 | INFO | 
2026-09-06 21:55:09 | INFO | Horizon 4:
2026-09-06 21:55:09 | INFO |   特征数: 8
2026-09-06 21:55:09 | INFO |   训练样本: 3038
2026-09-06 21:55:09 | INFO |   验证样本: 611
2026-09-06 21:55:09 | INFO |   测试样本: 612
2026-09-06 21:55:09 | INFO | 
2026-09-06 21:55:09 | INFO | Horizon 16:
2026-09-06 21:55:09 | INFO |   特征数: 8
2026-09-06 21:55:09 | INFO |   训练样本: 2978
2026-09-06 21:55:09 | INFO |   验证样本: 551
2026-09-06 21:55:09 | INFO |   测试样本: 552
2026-09-06 21:55:09 | INFO | 
2026-09-06 21:55:09 | INFO | EXP-P06 样本准备结束
