[INFO] 日志文件: logs\prediction\step2_hyperparameter_search\EXP-P04_mingyuehu_h4_optuna.log
[INFO] ============================================================
[INFO] 明月湖数据集 Optuna-AFSA 混合搜索 horizon=4
[INFO] --------------------------------------------------
[INFO] 明月湖 Optuna-AFSA 混合搜索: model=cnn_bilstm horizon=4
[INFO] 设备: cpu | train=3038 val=611 n_features=8 seq_len=48 horizon=4
[INFO] 快速搜索: fold split at 2025 quick_train=1013
[INFO]   运行策略: S2
[INFO]     S2: RMSE=inf, composite=inf, time=0.0s
[INFO]   运行策略: S3
[INFO]     S3: RMSE=inf, composite=inf, time=97.0s
[INFO]   运行策略: S4
[ERROR]     S4 执行失败: tuple indices must be integers or slices, not str
[INFO]   运行策略: S5
[INFO]     S5: RMSE=inf, composite=inf, time=212.2s
[INFO]   运行策略: S6
[INFO]     S6: RMSE=0.093081, composite=113.2533, time=87.9s
[INFO]   全局最优: strategy=S6 RMSE=0.093081
[INFO] 混合搜索消融结果已保存: mingyuehu_hybrid_search_ablation.json
[INFO] 完整 3-fold 评估
[INFO]   fold 0 val_loss=0.068528
[INFO]   fold 1 val_loss=0.072624
[INFO]   fold 2 val_loss=0.095275
[INFO] 3-fold 平均 val_loss=0.078809
[INFO] 完整验证集功率指标: RMSE=0.1714 MAE=0.1238 R2=-0.0883
[INFO] 最优参数结果已保存: mingyuehu_cnn_bilstm_optuna.json
[INFO] ============================================================
[INFO] 结果: {'dataset': 'mingyuehu', 'model': 'cnn_bilstm', 'best_strategy': 'S6', 'best_val_loss': 0.078809, 'val_RMSE': 0.1714, 'val_MAE': 0.1238, 'val_R2': -0.0883, 'elapsed_sec': 639.2}
