[INFO] 日志文件: logs\prediction\step2_hyperparameter_search\EXP-P04_mingyuehu_h1_reproduce.log
[INFO] ============================================================
[INFO] 明月湖多 Seed 复现  horizon=1
[INFO] ============================================================
[INFO] 明月湖多 Seed 复现  horizon=1  seeds=[42, 43, 44, 45, 46]
[INFO] ----------------------------------------
[INFO] 模型: cnn_bilstm  参数: {'hidden_size': 64, 'num_layers': 2, 'dropout': 0.2, 'kernel_size': 5, 'cnn_channels': [64, 64], 'batch_size': 128, 'lr': 0.002}
[INFO]   seed=42  MAE=0.0357  RMSE=0.0853  R2=0.5754  time=21.1s  night=480 power_range=[0.0000, 0.4140]
[INFO]   seed=43  MAE=0.0323  RMSE=0.0784  R2=0.6412  time=21.7s  night=480 power_range=[0.0000, 0.4699]
[INFO]   seed=44  MAE=0.0344  RMSE=0.0839  R2=0.5891  time=20.9s  night=480 power_range=[0.0000, 0.4374]
[INFO]   seed=45  MAE=0.0329  RMSE=0.0782  R2=0.6430  time=14.6s  night=480 power_range=[0.0000, 0.4358]
[INFO]   seed=46  MAE=0.0326  RMSE=0.0791  R2=0.6342  time=18.4s  night=480 power_range=[0.0000, 0.4488]
[INFO]   汇总  MAE=0.0336±0.0014  RMSE=0.0810±0.0033  R2=0.6166±0.0319
[INFO]   夜间样本数: 480/1205，功率已强制置0
[INFO]   seed=42 预测已保存: cnn_bilstm_seed42_test.csv
[INFO]   seed=42 模型已保存: mingyuehu_cnn_bilstm_seed42.pt
[INFO]   训练历史路径: mingyuehu_cnn_bilstm_seed42_train_history.csv
[INFO] ============================================================
[INFO] 明月湖多 Seed 复现完成！
[INFO] 结果: {'dataset': 'mingyuehu', 'model': 'cnn_bilstm', 'horizon': 1, 'seeds': [42, 43, 44, 45, 46], 'RMSE_mean': 0.081, 'RMSE_std': 0.0033, 'MAE_mean': 0.0336, 'MAE_std': 0.0014, 'R2_mean': 0.6166, 'R2_std': 0.0319, 'elapsed_sec': 118.3}
