========================================================================
[2026-09-06 22:26:17 +0800] Step2 混合搜索 (optuna)  status=success
  horizon=h1  duration=170.01s
  log: logs\prediction\step2_hyperparameter_search/EXP-P04_mingyuehu_h1_optuna.log
  audit: data\prediction\step2_hyperparameter_search\audit\h1\optuna.json
  dataset: mingyuehu
  model: cnn_bilstm
  best_strategy: fallback
  best_val_loss: 0.058614
  val_RMSE: 0.1202
  val_MAE: 0.0867
  val_R2: 0.4466
  elapsed_sec: 170.0
  artifacts:
    - data\prediction\step2_hyperparameter_search\metrics\mingyuehu_h1\mingyuehu_hybrid_search_ablation.json
    - data\prediction\step2_hyperparameter_search\metrics\mingyuehu_h1\mingyuehu_cnn_bilstm_optuna.json
========================================================================
[2026-09-06 22:30:04 +0800] Step2 混合搜索 (optuna)  status=success
  horizon=h1  duration=44.27s
  log: logs\prediction\step2_hyperparameter_search/EXP-P04_mingyuehu_h1_optuna.log
  audit: data\prediction\step2_hyperparameter_search\audit\h1\optuna.json
  dataset: mingyuehu
  model: cnn_bilstm
  best_strategy: fallback
  best_val_loss: 0.058614
  val_RMSE: 0.1202
  val_MAE: 0.0867
  val_R2: 0.4466
  elapsed_sec: 44.3
  artifacts:
    - data\prediction\step2_hyperparameter_search\metrics\mingyuehu_h1\mingyuehu_hybrid_search_ablation.json
    - data\prediction\step2_hyperparameter_search\metrics\mingyuehu_h1\mingyuehu_cnn_bilstm_optuna.json
========================================================================
[2026-09-06 22:36:03 +0800] Step2 混合搜索 (optuna)  status=success
  horizon=h1  duration=327.48s
  log: logs\prediction\step2_hyperparameter_search/EXP-P04_mingyuehu_h1_optuna.log
  audit: data\prediction\step2_hyperparameter_search\audit\h1\optuna.json
  dataset: mingyuehu
  model: cnn_bilstm
  best_strategy: S6
  best_val_loss: 0.059248
  val_RMSE: 0.1368
  val_MAE: 0.0935
  val_R2: 0.2833
  elapsed_sec: 327.5
  artifacts:
    - data\prediction\step2_hyperparameter_search\metrics\mingyuehu_h1\mingyuehu_hybrid_search_ablation.json
    - data\prediction\step2_hyperparameter_search\metrics\mingyuehu_h1\mingyuehu_cnn_bilstm_optuna.json
