========================================================================
[2026-09-06 22:38:08 +0800] Step2 混合搜索 (optuna)  status=failed
  horizon=h4  duration=1.28s
  log: logs\prediction\step2_hyperparameter_search/EXP-P04_h4_optuna.log
  audit: data\prediction\step2_hyperparameter_search\audit\h4\optuna.json
  ERROR: too many indices for tensor of dimension 2
========================================================================
[2026-09-06 22:50:08 +0800] Step2 混合搜索 (optuna)  status=success
  horizon=h4  duration=639.23s
  log: logs\prediction\step2_hyperparameter_search/EXP-P04_mingyuehu_h4_optuna.log
  audit: data\prediction\step2_hyperparameter_search\audit\h4\optuna.json
  dataset: mingyuehu
  model: cnn_bilstm
  best_strategy: S6
  best_val_loss: 0.078809
  val_RMSE: 0.1714
  val_MAE: 0.1238
  val_R2: -0.0883
  elapsed_sec: 639.2
  artifacts:
    - data\prediction\step2_hyperparameter_search\metrics\mingyuehu_h4\mingyuehu_hybrid_search_ablation.json
    - data\prediction\step2_hyperparameter_search\metrics\mingyuehu_h4\mingyuehu_cnn_bilstm_optuna.json
