[INFO] 日志文件: logs\prediction\step4_optuna_hybrid\EXP-P04_phase1_h1.log
[INFO] ============================================================
[INFO] EXP-P04 统一实验执行器
[INFO] Phase: 1  Horizon: 1
[INFO] ============================================================
[INFO] ============================================================
[INFO] Phase 1: 模型对比实验
[INFO] ============================================================
[INFO] 样本: train=49111  val=10524  test=10524  n_features=21  seq_len=16
[INFO] ──────────────────────────────────────────────────
[INFO]   Horizon: h1  模型: cnn_bilstm
[INFO] ──────────────────────────────────────────────────
[INFO]   [Step 1] Optuna 调参...
[INFO]   Optuna完成  3-fold_loss=1.010555  quick_best=1.010555
[INFO]   fold 0  val_loss=0.862434
[INFO]   fold 1  val_loss=0.538018
[INFO]   fold 2  val_loss=0.679113
[INFO]   3-fold 平均 val_loss=0.693188
[INFO]   Optuna 结果已保存: cnn_bilstm_optuna.json
[INFO]   [Step 2] Final Train (seed=42)...
[INFO]   [Step 3] 多 Seed 复现 (已缓存，跳过)
[INFO]   [Step 4] 绘图 (已缓存，跳过)
[INFO] ──────────────────────────────────────────────────
[INFO]   Horizon: h1  模型: cnn_lstm
[INFO] ──────────────────────────────────────────────────
[INFO]   [Step 1] Optuna 调参...
[INFO]   Optuna完成  3-fold_loss=1.008745  quick_best=1.008745
[INFO]   fold 0  val_loss=0.863601
[INFO]   fold 1  val_loss=0.509191
[INFO]   fold 2  val_loss=0.650986
[INFO]   3-fold 平均 val_loss=0.674592
[INFO]   Optuna 结果已保存: cnn_lstm_optuna.json
[INFO]   [Step 2] Final Train (seed=42)...
[INFO]   [Step 3] 多 Seed 复现 (已缓存，跳过)
[INFO]   [Step 4] 绘图 (已缓存，跳过)
[INFO] ──────────────────────────────────────────────────
[INFO]   Horizon: h1  模型: lstm
[INFO] ──────────────────────────────────────────────────
[INFO]   [Step 1] Optuna 调参...
[INFO]   Optuna完成  3-fold_loss=1.021016  quick_best=1.021016
[INFO]   fold 0  val_loss=0.880446
[INFO]   fold 1  val_loss=0.504564
[INFO]   fold 2  val_loss=0.630411
[INFO]   3-fold 平均 val_loss=0.671807
[INFO]   Optuna 结果已保存: lstm_optuna.json
[INFO]   [Step 2] Final Train (seed=42)...
[INFO]   [Step 3] 多 Seed 复现 (已缓存，跳过)
[INFO]   [Step 4] 绘图 (已缓存，跳过)
[INFO] ──────────────────────────────────────────────────
[INFO]   Horizon: h1  模型: minipatchtst
[INFO] ──────────────────────────────────────────────────
[INFO]   [Step 1] Optuna 调参...
[INFO]   Optuna完成  3-fold_loss=1.068115  quick_best=1.068115
[INFO]   fold 0  val_loss=0.888185
[INFO]   fold 1  val_loss=0.516671
[INFO]   fold 2  val_loss=0.667580
[INFO]   3-fold 平均 val_loss=0.690812
[INFO]   Optuna 结果已保存: minipatchtst_optuna.json
[INFO]   [Step 2] Final Train (seed=42)...
[INFO]   [Step 3] 多 Seed 复现 (已缓存，跳过)
[INFO]   [Step 4] 绘图 (已缓存，跳过)
[INFO]   [Step 4] 绘图...
[INFO] ============================================================
[INFO] Phase 1 完成！
[INFO] ============================================================
[INFO] 执行完成！
