[INFO] 日志文件: logs\prediction\step4_optuna_hybrid\EXP-P04_h16_lb16_wrf_minimal_prepare_samples.log
[INFO] ============================================================
[INFO] 开始构造 horizon=16 样本  lookback=16  wrf_version=minimal
[INFO] 加载数据: C:\Users\MoYu\Desktop\pv_prediction_scheduling_msc_clean\data\prediction\step1_preprocessing\processed\stations\Site_1_with_wrf.csv
[INFO] 原始行数: 70176  |  时间范围: 2019-01-01 00:00:00 ~ 2020-12-31 23:45:00
[INFO] 构造序列: lookback=16, horizon=16
[INFO]   step1 特征: 13 维 (历史 lookback 窗口)
[INFO]   WRF forecast 特征: 2 维 (minimal, per-horizon aligned)
[INFO]   WRF aligned: lookback 步 step 的 WRF = wrf[t_pred + step]
[INFO]   即: step=0 时 WRF=wrf[t_pred] (覆盖 t_pred 天气, 4h old forecast)
[INFO]        step=last 时 WRF=wrf[t_pred+lookback-1] (覆盖 t_pred+lookback-1 天气, 0h old forecast)
[INFO]   核心: 最后一步 WRF 直接覆盖首个预测目标功率的天气条件
[INFO] 总样本数: 70144  |  X shape: (70144, 16, 15)  |  残差 y shape: (70144, 16)
[INFO] 训练集: 49100  验证集: 10522  测试集: 10522
[INFO]   保存 X_train_seq.npy  ->  shape=(49100, 16, 15)
[INFO]   保存 X_val_seq.npy  ->  shape=(10522, 16, 15)
[INFO]   保存 X_test_seq.npy  ->  shape=(10522, 16, 15)
[INFO]   保存 y_train.npy  ->  shape=(49100, 16)
[INFO]   保存 y_val.npy  ->  shape=(10522, 16)
[INFO]   保存 y_test.npy  ->  shape=(10522, 16)
[INFO]   保存 y_anchor_train.npy  ->  shape=(49100, 16)
[INFO]   保存 y_anchor_val.npy  ->  shape=(10522, 16)
[INFO]   保存 y_anchor_test.npy  ->  shape=(10522, 16)
[INFO]   保存 y_residual_train_raw.npy  ->  shape=(49100, 16)
[INFO]   保存 y_residual_val_raw.npy  ->  shape=(10522, 16)
[INFO]   保存 y_residual_test_raw.npy  ->  shape=(10522, 16)
[INFO]   保存 scaler_params.json
[INFO]   保存 test_timestamps.csv (10522 行)
[INFO]   保存 meta.json
[INFO] ============================================================
[INFO] 样本构造完成！耗时: 3.5 秒
[INFO] 保存目录: data\prediction\step4_optuna_hybrid\samples\h16_lb16_wrf_minimal
