[INFO] 日志文件: logs\prediction\step4_optuna_hybrid\EXP-P04_h4_final_train.log
[INFO] ============================================================
[INFO] EXP-P04 最终训练  horizon=4
[INFO] ============================================================
[INFO] 最终训练  horizon=4  train=49108  val=10524  test=10524
[INFO] ----------------------------------------
[INFO] 训练模型: lstm  horizon=4
[INFO]   参数: {'hidden': 64, 'layers': 2, 'dropout': 0.2, 'batch_size': 64, 'lr': 0.001}
[INFO]   模型已保存: lstm_final.pt
[INFO]   历史已保存: lstm_final_train_history.csv
[INFO]   预测已保存: lstm_test.csv
[INFO]   指标: MAE=0.0245  RMSE=0.0564  MAPE=24.80%  R2=0.9577
[INFO] ----------------------------------------
[INFO] 训练模型: bilstm  horizon=4
[INFO]   参数: {'hidden': 64, 'layers': 2, 'dropout': 0.2, 'batch_size': 64, 'lr': 0.001}
[INFO]   模型已保存: bilstm_final.pt
[INFO]   历史已保存: bilstm_final_train_history.csv
[INFO]   预测已保存: bilstm_test.csv
[INFO]   指标: MAE=0.0266  RMSE=0.0594  MAPE=29.40%  R2=0.9530
[INFO] ----------------------------------------
[INFO] 训练模型: cnn_lstm  horizon=4
[INFO]   参数: {'conv_channels': '16', 'kernel_size': '3', 'lstm_hidden': '128', 'lstm_layers': '1', 'dropout': '0.2', 'batch_size': 64, 'lr': 0.0001}
[INFO]   模型已保存: cnn_lstm_final.pt
[INFO]   历史已保存: cnn_lstm_final_train_history.csv
[INFO]   预测已保存: cnn_lstm_test.csv
[INFO]   指标: MAE=0.0254  RMSE=0.0570  MAPE=28.91%  R2=0.9568
[INFO] ----------------------------------------
[INFO] 训练模型: cnn_bilstm  horizon=4
[INFO]   参数: {'conv_channels': '16', 'kernel_size': '5', 'bilstm_hidden': '128', 'bilstm_layers': '2', 'dropout': '0.2', 'batch_size': 64, 'lr': 0.001}
[INFO]   模型已保存: cnn_bilstm_final.pt
[INFO]   历史已保存: cnn_bilstm_final_train_history.csv
[INFO]   预测已保存: cnn_bilstm_test.csv
[INFO]   指标: MAE=0.0261  RMSE=0.0592  MAPE=26.49%  R2=0.9534
[INFO] ----------------------------------------
[INFO] 训练模型: minipatchtst  horizon=4
[INFO]   参数: {'patch_len': '4', 'stride': '4', 'd_model': '32', 'n_heads': '2', 'num_layers': '2', 'dropout': '0.1', 'batch_size': 64, 'lr': 0.001}
[INFO]   模型已保存: minipatchtst_final.pt
[INFO]   历史已保存: minipatchtst_final_train_history.csv
[INFO]   预测已保存: minipatchtst_test.csv
[INFO]   指标: MAE=0.0265  RMSE=0.0575  MAPE=30.26%  R2=0.9560
[INFO] ============================================================
[INFO] 所有模型最终训练完成！
