[INFO] 日志文件: logs\prediction\step4_optuna_hybrid\EXP-P04_phase1_h4.log
[INFO] ============================================================
[INFO] EXP-P04 统一实验执行器
[INFO] Phase: 1  Horizon: 4
[INFO] ============================================================
[INFO] ============================================================
[INFO] Phase 1: 模型对比实验
[INFO] ============================================================
[INFO] 样本: train=49108  val=10524  test=10524  n_features=21  seq_len=16
[INFO] ──────────────────────────────────────────────────
[INFO]   Horizon: h4  模型: cnn_bilstm
[INFO] ──────────────────────────────────────────────────
[INFO]   [Step 1] Optuna 调参...
[INFO]   Optuna完成  3-fold_loss=0.732513  quick_best=0.732513
[INFO]   fold 0  val_loss=0.673239
[INFO]   fold 1  val_loss=0.453054
[INFO]   fold 2  val_loss=0.530546
[INFO]   3-fold 平均 val_loss=0.552280
[INFO]   Optuna 结果已保存: cnn_bilstm_optuna.json
[INFO]   [Step 2] Final Train (seed=42)...
[INFO]   [Step 3] 多 Seed 复现 (已缓存，跳过)
[INFO]   [Step 4] 绘图 (已缓存，跳过)
[INFO]   [Step 4] 绘图...
[INFO] ============================================================
[INFO] Phase 1 完成！
[INFO] ============================================================
[INFO] 执行完成！
