[INFO] 日志文件: logs\prediction\step4_optuna_hybrid\EXP-P04_h4_reproduce.log
[INFO] ============================================================
[INFO] EXP-P04 多 Seed 复现  horizon=4
[INFO] ============================================================
[INFO] 多 Seed 复现  horizon=4  seeds=[42, 43, 44]
[INFO] ----------------------------------------
[INFO] 模型: lstm  参数: {'hidden': 64, 'layers': 2, 'dropout': 0.2, 'batch_size': 64, 'lr': 0.001}
[INFO]   seed=42  MAE=0.0245  RMSE=0.0564  R2=0.9577  time=106.6s
[INFO]   seed=43  MAE=0.0284  RMSE=0.0584  R2=0.9547  time=100.4s
[INFO]   seed=44  MAE=0.0252  RMSE=0.0584  R2=0.9546  time=102.9s
[INFO]   汇总  MAE=0.0260±0.0021  RMSE=0.0577±0.0012  R2=0.9557±0.0018
[INFO]   seed=42 预测已保存: lstm_seed42_test.csv
[INFO] ----------------------------------------
[INFO] 模型: bilstm  参数: {'hidden': 64, 'layers': 2, 'dropout': 0.2, 'batch_size': 64, 'lr': 0.001}
[INFO]   seed=42  MAE=0.0266  RMSE=0.0594  R2=0.9530  time=168.5s
[INFO]   seed=43  MAE=0.0235  RMSE=0.0547  R2=0.9603  time=182.4s
[INFO]   seed=44  MAE=0.0246  RMSE=0.0581  R2=0.9552  time=215.9s
[INFO]   汇总  MAE=0.0249±0.0016  RMSE=0.0574±0.0025  R2=0.9561±0.0037
[INFO]   seed=42 预测已保存: bilstm_seed42_test.csv
[INFO] ----------------------------------------
[INFO] 模型: cnn_lstm  参数: {'conv_channels': '16', 'kernel_size': '3', 'lstm_hidden': '128', 'lstm_layers': '1', 'dropout': '0.2', 'batch_size': 64, 'lr': 0.0001}
[INFO]   seed=42  MAE=0.0254  RMSE=0.0570  R2=0.9568  time=171.7s
[INFO]   seed=43  MAE=0.0259  RMSE=0.0563  R2=0.9579  time=141.1s
[INFO]   seed=44  MAE=0.0250  RMSE=0.0549  R2=0.9599  time=140.0s
[INFO]   汇总  MAE=0.0254±0.0004  RMSE=0.0561±0.0011  R2=0.9582±0.0016
[INFO]   seed=42 预测已保存: cnn_lstm_seed42_test.csv
[INFO] ----------------------------------------
[INFO] 模型: cnn_bilstm  参数: {'conv_channels': '16', 'kernel_size': '5', 'bilstm_hidden': '128', 'bilstm_layers': '2', 'dropout': '0.2', 'batch_size': 64, 'lr': 0.001}
[INFO]   seed=42  MAE=0.0261  RMSE=0.0592  R2=0.9534  time=302.8s
[INFO]   seed=43  MAE=0.0263  RMSE=0.0557  R2=0.9588  time=331.7s
[INFO]   seed=44  MAE=0.0265  RMSE=0.0564  R2=0.9577  time=383.4s
[INFO]   汇总  MAE=0.0263±0.0002  RMSE=0.0571±0.0019  R2=0.9566±0.0029
[INFO]   seed=42 预测已保存: cnn_bilstm_seed42_test.csv
[INFO] ----------------------------------------
[INFO] 模型: minipatchtst  参数: {'patch_len': '4', 'stride': '4', 'd_model': '32', 'n_heads': '2', 'num_layers': '2', 'dropout': '0.1', 'batch_size': 64, 'lr': 0.001}
[INFO]   seed=42  MAE=0.0265  RMSE=0.0575  R2=0.9560  time=97.8s
[INFO]   seed=43  MAE=0.0270  RMSE=0.0603  R2=0.9517  time=103.7s
[INFO]   seed=44  MAE=0.0291  RMSE=0.0592  R2=0.9533  time=51.7s
[INFO]   汇总  MAE=0.0275±0.0014  RMSE=0.0590±0.0014  R2=0.9537±0.0022
[INFO]   seed=42 预测已保存: minipatchtst_seed42_test.csv
[INFO] ============================================================
[INFO] 多 Seed 复现完成！
