========================================================================
[2026-08-30 01:05:56 +0800] Step1 样本构造 (prepare_samples)  status=success
  horizon=h1  duration=0.93s
  log: logs/prediction/step4_optuna_hybrid/EXP-P04_h1_lb16_prepare_samples.log
  audit: data\prediction\step4_optuna_hybrid\audit\h1\prepare_samples.json
  lookback: 16
  n_train: 49111
  n_val: 10524
  n_test: 10524
  X_shape: [70159, 16, 13]
  sample_dir: data\prediction\step4_optuna_hybrid\samples\h1_lb16
  elapsed_sec: 0.9
  artifacts:
    - data\prediction\step4_optuna_hybrid\samples\h1_lb16\meta.json
    - data\prediction\step4_optuna_hybrid\samples\h1_lb16\X_train_seq.npy
========================================================================
[2026-08-30 01:15:39 +0800] Step1 样本构造 (prepare_samples)  status=success
  horizon=h1  duration=1.06s
  log: logs/prediction/step4_optuna_hybrid/EXP-P04_h1_lb16_prepare_samples.log
  audit: data\prediction\step4_optuna_hybrid\audit\h1\prepare_samples.json
  lookback: 16
  n_train: 49111
  n_val: 10524
  n_test: 10524
  X_shape: [49111, 16, 6]
  n_features_original: 13
  n_features_selected: 6
  feature_selection_enabled: True
  sample_dir: data\prediction\step4_optuna_hybrid\samples\h1_lb16
  elapsed_sec: 1.1
  artifacts:
    - data\prediction\step4_optuna_hybrid\samples\h1_lb16\meta.json
    - data\prediction\step4_optuna_hybrid\samples\h1_lb16\X_train_seq.npy
========================================================================
[2026-08-30 01:28:12 +0800] Step1 样本构造 (prepare_samples)  status=success
  horizon=h1  duration=1.2s
  log: logs/prediction/step4_optuna_hybrid/EXP-P04_h1_lb16_prepare_samples.log
  audit: data\prediction\step4_optuna_hybrid\audit\h1\prepare_samples.json
  lookback: 16
  n_train: 49111
  n_val: 10524
  n_test: 10524
  X_shape: [49111, 16, 6]
  n_features_original: 13
  n_features_selected: 6
  feature_selection_enabled: True
  sample_dir: data\prediction\step4_optuna_hybrid\samples\h1_lb16
  elapsed_sec: 1.2
  artifacts:
    - data\prediction\step4_optuna_hybrid\samples\h1_lb16\meta.json
    - data\prediction\step4_optuna_hybrid\samples\h1_lb16\X_train_seq.npy
========================================================================
[2026-08-30 01:33:13 +0800] Step1 样本构造 (prepare_samples)  status=success
  horizon=h1  duration=1.0s
  log: logs/prediction/step4_optuna_hybrid/EXP-P04_h1_lb16_prepare_samples.log
  audit: data\prediction\step4_optuna_hybrid\audit\h1\prepare_samples.json
  lookback: 16
  n_train: 49111
  n_val: 10524
  n_test: 10524
  X_shape: [49111, 16, 13]
  sample_dir: data\prediction\step4_optuna_hybrid\samples\h1_lb16
  elapsed_sec: 1.0
  artifacts:
    - data\prediction\step4_optuna_hybrid\samples\h1_lb16\meta.json
    - data\prediction\step4_optuna_hybrid\samples\h1_lb16\X_train_seq.npy
